This file contains any messages produced by compilers while
running configure, to aid debugging if configure makes a mistake.

It was created by libibsimu-1.0.6dev configure 1.0.6dev, which was
generated by GNU Autoconf 2.69.  Invocation command line was

  $ ./configure --with-mkl --prefix=/opt/ibsimu/1.0.6

## --------- ##
## Platform. ##
## --------- ##

hostname = DPACE-S0222-Phy
uname -m = x86_64
uname -r = 5.14.0-570.62.1.el9_6.x86_64
uname -s = Linux
uname -v = #1 SMP PREEMPT_DYNAMIC Mon Nov 3 10:38:50 EST 2025

/usr/bin/uname -p = x86_64
/bin/uname -X     = unknown

/bin/arch              = x86_64
/usr/bin/arch -k       = unknown
/usr/convex/getsysinfo = unknown
/usr/bin/hostinfo      = unknown
/bin/machine           = unknown
/usr/bin/oslevel       = unknown
/bin/universe          = unknown

PATH: /opt/intel/oneapi/vtune/2025.0/bin64
PATH: /opt/intel/oneapi/mpi/2021.14/bin
PATH: /opt/intel/oneapi/mkl/2025.0/bin
PATH: /opt/intel/oneapi/dpcpp-ct/2025.0/bin
PATH: /opt/intel/oneapi/dev-utilities/2025.0/bin
PATH: /opt/intel/oneapi/debugger/2025.0/opt/debugger/bin
PATH: /opt/intel/oneapi/compiler/2025.0/bin
PATH: /opt/intel/oneapi/advisor/2025.0/bin64
PATH: /home/nsavard/.local/bin
PATH: /home/nsavard/bin
PATH: /usr/share/Modules/bin
PATH: /usr/local/bin
PATH: /usr/bin
PATH: /usr/local/sbin
PATH: /usr/sbin


## ----------- ##
## Core tests. ##
## ----------- ##

configure:2800: checking build system type
configure:2814: result: x86_64-pc-linux-gnu
configure:2834: checking host system type
configure:2847: result: x86_64-pc-linux-gnu
configure:2887: checking for a BSD-compatible install
configure:2955: result: /usr/bin/install -c
configure:2966: checking whether build environment is sane
configure:3021: result: yes
configure:3172: checking for a thread-safe mkdir -p
configure:3211: result: /usr/bin/mkdir -p
configure:3218: checking for gawk
configure:3234: found /usr/bin/gawk
configure:3245: result: gawk
configure:3256: checking whether make sets $(MAKE)
configure:3278: result: yes
configure:3307: checking whether make supports nested variables
configure:3324: result: yes
configure:3462: checking for grep
configure:3480: found /usr/bin/grep
configure:3492: result: /usr/bin/grep
configure:3571: checking how to print strings
configure:3598: result: printf
configure:3623: checking whether make supports the include directive
configure:3638: make -f confmf.GNU && cat confinc.out
this is the am__doit target
configure:3641: $? = 0
configure:3660: result: yes (GNU style)
configure:3730: checking for gcc
configure:3746: found /usr/bin/gcc
configure:3757: result: gcc
configure:3986: checking for C compiler version
configure:3995: gcc --version >&5
gcc (GCC) 11.5.0 20240719 (Red Hat 11.5.0-5)
Copyright (C) 2021 Free Software Foundation, Inc.
This is free software; see the source for copying conditions.  There is NO
warranty; not even for MERCHANTABILITY or FITNESS FOR A PARTICULAR PURPOSE.

configure:4006: $? = 0
configure:3995: gcc -v >&5
Using built-in specs.
COLLECT_GCC=gcc
COLLECT_LTO_WRAPPER=/usr/libexec/gcc/x86_64-redhat-linux/11/lto-wrapper
OFFLOAD_TARGET_NAMES=nvptx-none
OFFLOAD_TARGET_DEFAULT=1
Target: x86_64-redhat-linux
Configured with: ../configure --enable-bootstrap --enable-host-pie --enable-host-bind-now --enable-languages=c,c++,fortran,lto --prefix=/usr --mandir=/usr/share/man --infodir=/usr/share/info --with-bugurl=http://bugzilla.redhat.com/bugzilla --enable-shared --enable-threads=posix --enable-checking=release --with-system-zlib --enable-__cxa_atexit --disable-libunwind-exceptions --enable-gnu-unique-object --enable-linker-build-id --with-gcc-major-version-only --enable-plugin --enable-initfini-array --without-isl --enable-multilib --with-linker-hash-style=gnu --enable-offload-targets=nvptx-none --without-cuda-driver --enable-gnu-indirect-function --enable-cet --with-tune=generic --with-arch_64=x86-64-v2 --with-arch_32=x86-64 --build=x86_64-redhat-linux --with-build-config=bootstrap-lto --enable-link-serialization=1
Thread model: posix
Supported LTO compression algorithms: zlib zstd
gcc version 11.5.0 20240719 (Red Hat 11.5.0-5) (GCC) 
... rest of stderr output deleted ...
configure:4006: $? = 0
configure:3995: gcc -V >&5
gcc: error: unrecognized command-line option '-V'
gcc: fatal error: no input files
compilation terminated.
configure:4006: $? = 1
configure:3995: gcc -qversion >&5
gcc: error: unrecognized command-line option '-qversion'; did you mean '--version'?
gcc: fatal error: no input files
compilation terminated.
configure:4006: $? = 1
configure:4026: checking whether the C compiler works
configure:4048: gcc    conftest.c  >&5
configure:4052: $? = 0
configure:4100: result: yes
configure:4103: checking for C compiler default output file name
configure:4105: result: a.out
configure:4111: checking for suffix of executables
configure:4118: gcc -o conftest    conftest.c  >&5
configure:4122: $? = 0
configure:4144: result: 
configure:4166: checking whether we are cross compiling
configure:4174: gcc -o conftest    conftest.c  >&5
configure:4178: $? = 0
configure:4185: ./conftest
configure:4189: $? = 0
configure:4204: result: no
configure:4209: checking for suffix of object files
configure:4231: gcc -c   conftest.c >&5
configure:4235: $? = 0
configure:4256: result: o
configure:4260: checking whether we are using the GNU C compiler
configure:4279: gcc -c   conftest.c >&5
configure:4279: $? = 0
configure:4288: result: yes
configure:4297: checking whether gcc accepts -g
configure:4317: gcc -c -g  conftest.c >&5
configure:4317: $? = 0
configure:4358: result: yes
configure:4375: checking for gcc option to accept ISO C89
configure:4438: gcc  -c -g -O2  conftest.c >&5
configure:4438: $? = 0
configure:4451: result: none needed
configure:4476: checking whether gcc understands -c and -o together
configure:4498: gcc -c conftest.c -o conftest2.o
configure:4501: $? = 0
configure:4498: gcc -c conftest.c -o conftest2.o
configure:4501: $? = 0
configure:4513: result: yes
configure:4532: checking dependency style of gcc
configure:4643: result: gcc3
configure:4658: checking for a sed that does not truncate output
configure:4722: result: /usr/bin/sed
configure:4740: checking for grep that handles long lines and -e
configure:4798: result: /usr/bin/grep
configure:4803: checking for egrep
configure:4865: result: /usr/bin/grep -E
configure:4870: checking for fgrep
configure:4932: result: /usr/bin/grep -F
configure:4967: checking for ld used by gcc
configure:5034: result: /usr/bin/ld
configure:5041: checking if the linker (/usr/bin/ld) is GNU ld
configure:5056: result: yes
configure:5068: checking for BSD- or MS-compatible name lister (nm)
configure:5122: result: /usr/bin/nm -B
configure:5252: checking the name lister (/usr/bin/nm -B) interface
configure:5259:  -c -O3 -fopenmp  conftest.cpp >&5
./configure: line 5260: -c: command not found
configure:5262: /usr/bin/nm -B "conftest.o"
/usr/bin/nm: 'conftest.o': No such file
configure:5265: output
configure:5272: result: BSD nm
configure:5275: checking whether ln -s works
configure:5279: result: yes
configure:5287: checking the maximum length of command line arguments
configure:5418: result: 1572864
configure:5466: checking how to convert x86_64-pc-linux-gnu file names to x86_64-pc-linux-gnu format
configure:5506: result: func_convert_file_noop
configure:5513: checking how to convert x86_64-pc-linux-gnu file names to toolchain format
configure:5533: result: func_convert_file_noop
configure:5540: checking for /usr/bin/ld option to reload object files
configure:5547: result: -r
configure:5621: checking for objdump
configure:5637: found /usr/bin/objdump
configure:5648: result: objdump
configure:5680: checking how to recognize dependent libraries
configure:5880: result: pass_all
configure:5965: checking for dlltool
configure:5995: result: no
configure:6025: checking how to associate runtime and link libraries
configure:6052: result: printf %s\n
configure:6121: checking for g++
configure:6137: found /usr/bin/g++
configure:6148: result: g++
configure:6175: checking for C++ compiler version
configure:6184: g++ --version >&5
g++ (GCC) 11.5.0 20240719 (Red Hat 11.5.0-5)
Copyright (C) 2021 Free Software Foundation, Inc.
This is free software; see the source for copying conditions.  There is NO
warranty; not even for MERCHANTABILITY or FITNESS FOR A PARTICULAR PURPOSE.

configure:6195: $? = 0
configure:6184: g++ -v >&5
Using built-in specs.
COLLECT_GCC=g++
COLLECT_LTO_WRAPPER=/usr/libexec/gcc/x86_64-redhat-linux/11/lto-wrapper
OFFLOAD_TARGET_NAMES=nvptx-none
OFFLOAD_TARGET_DEFAULT=1
Target: x86_64-redhat-linux
Configured with: ../configure --enable-bootstrap --enable-host-pie --enable-host-bind-now --enable-languages=c,c++,fortran,lto --prefix=/usr --mandir=/usr/share/man --infodir=/usr/share/info --with-bugurl=http://bugzilla.redhat.com/bugzilla --enable-shared --enable-threads=posix --enable-checking=release --with-system-zlib --enable-__cxa_atexit --disable-libunwind-exceptions --enable-gnu-unique-object --enable-linker-build-id --with-gcc-major-version-only --enable-plugin --enable-initfini-array --without-isl --enable-multilib --with-linker-hash-style=gnu --enable-offload-targets=nvptx-none --without-cuda-driver --enable-gnu-indirect-function --enable-cet --with-tune=generic --with-arch_64=x86-64-v2 --with-arch_32=x86-64 --build=x86_64-redhat-linux --with-build-config=bootstrap-lto --enable-link-serialization=1
Thread model: posix
Supported LTO compression algorithms: zlib zstd
gcc version 11.5.0 20240719 (Red Hat 11.5.0-5) (GCC) 
... rest of stderr output deleted ...
configure:6195: $? = 0
configure:6184: g++ -V >&5
g++: error: unrecognized command-line option '-V'
g++: fatal error: no input files
compilation terminated.
configure:6195: $? = 1
configure:6184: g++ -qversion >&5
g++: error: unrecognized command-line option '-qversion'; did you mean '--version'?
g++: fatal error: no input files
compilation terminated.
configure:6195: $? = 1
configure:6199: checking whether we are using the GNU C++ compiler
configure:6218: g++ -c -O3 -fopenmp  conftest.cpp >&5
configure:6218: $? = 0
configure:6227: result: yes
configure:6236: checking whether g++ accepts -g
configure:6256: g++ -c -g  conftest.cpp >&5
configure:6256: $? = 0
configure:6297: result: yes
configure:6322: checking dependency style of g++
configure:6433: result: gcc3
configure:6498: checking for ar
configure:6514: found /usr/bin/ar
configure:6525: result: ar
configure:6562: checking for archiver @FILE support
configure:6579: g++ -c -O3 -fopenmp  conftest.cpp >&5
configure:6579: $? = 0
configure:6582: ar cru libconftest.a @conftest.lst >&5
configure:6585: $? = 0
configure:6590: ar cru libconftest.a @conftest.lst >&5
ar: conftest.o: No such file or directory
configure:6593: $? = 1
configure:6605: result: @
configure:6663: checking for strip
configure:6679: found /usr/bin/strip
configure:6690: result: strip
configure:6762: checking for ranlib
configure:6778: found /usr/bin/ranlib
configure:6789: result: ranlib
configure:6891: checking command to parse /usr/bin/nm -B output from gcc object
configure:7044: g++ -c -O3 -fopenmp  conftest.cpp >&5
configure:7047: $? = 0
configure:7051: /usr/bin/nm -B conftest.o \| sed -n -e 's/^.*[ ]\([ABCDGIRSTW][ABCDGIRSTW]*\)[ ][ ]*\([_A-Za-z][_A-Za-z0-9]*\)$/\1 \2 \2/p' | sed '/ __gnu_lto/d' \> conftest.nm
configure:7054: $? = 0
configure:7120: g++ -o conftest -O3 -fopenmp   conftest.cpp conftstm.o >&5
configure:7123: $? = 0
configure:7161: result: ok
configure:7208: checking for sysroot
configure:7238: result: no
configure:7245: checking for a working dd
configure:7283: result: /usr/bin/dd
configure:7287: checking how to truncate binary pipes
configure:7302: result: /usr/bin/dd bs=4096 count=1
configure:7439: g++ -c -O3 -fopenmp  conftest.cpp >&5
configure:7442: $? = 0
configure:7632: checking for mt
configure:7662: result: no
configure:7682: checking if : is a manifest tool
configure:7688: : '-?'
configure:7696: result: no
configure:8373: checking how to run the C preprocessor
configure:8404: gcc -E  conftest.c
configure:8404: $? = 0
configure:8418: gcc -E  conftest.c
conftest.c:11:10: fatal error: ac_nonexistent.h: No such file or directory
   11 | #include <ac_nonexistent.h>
      |          ^~~~~~~~~~~~~~~~~~
compilation terminated.
configure:8418: $? = 1
configure: failed program was:
| /* confdefs.h */
| #define PACKAGE_NAME "libibsimu-1.0.6dev"
| #define PACKAGE_TARNAME "libibsimu-1-0-6dev"
| #define PACKAGE_VERSION "1.0.6dev"
| #define PACKAGE_STRING "libibsimu-1.0.6dev 1.0.6dev"
| #define PACKAGE_BUGREPORT "taneli.kalvas@jyu.fi"
| #define PACKAGE_URL ""
| #define PACKAGE "libibsimu-1-0-6dev"
| #define VERSION "1.0.6dev"
| /* end confdefs.h.  */
| #include <ac_nonexistent.h>
configure:8443: result: gcc -E
configure:8463: gcc -E  conftest.c
configure:8463: $? = 0
configure:8477: gcc -E  conftest.c
conftest.c:11:10: fatal error: ac_nonexistent.h: No such file or directory
   11 | #include <ac_nonexistent.h>
      |          ^~~~~~~~~~~~~~~~~~
compilation terminated.
configure:8477: $? = 1
configure: failed program was:
| /* confdefs.h */
| #define PACKAGE_NAME "libibsimu-1.0.6dev"
| #define PACKAGE_TARNAME "libibsimu-1-0-6dev"
| #define PACKAGE_VERSION "1.0.6dev"
| #define PACKAGE_STRING "libibsimu-1.0.6dev 1.0.6dev"
| #define PACKAGE_BUGREPORT "taneli.kalvas@jyu.fi"
| #define PACKAGE_URL ""
| #define PACKAGE "libibsimu-1-0-6dev"
| #define VERSION "1.0.6dev"
| /* end confdefs.h.  */
| #include <ac_nonexistent.h>
configure:8506: checking for ANSI C header files
configure:8526: gcc -c -g -O2  conftest.c >&5
configure:8526: $? = 0
configure:8599: gcc -o conftest -g -O2   conftest.c  >&5
configure:8599: $? = 0
configure:8599: ./conftest
configure:8599: $? = 0
configure:8610: result: yes
configure:8623: checking for sys/types.h
configure:8623: gcc -c -g -O2  conftest.c >&5
configure:8623: $? = 0
configure:8623: result: yes
configure:8623: checking for sys/stat.h
configure:8623: gcc -c -g -O2  conftest.c >&5
configure:8623: $? = 0
configure:8623: result: yes
configure:8623: checking for stdlib.h
configure:8623: gcc -c -g -O2  conftest.c >&5
configure:8623: $? = 0
configure:8623: result: yes
configure:8623: checking for string.h
configure:8623: gcc -c -g -O2  conftest.c >&5
configure:8623: $? = 0
configure:8623: result: yes
configure:8623: checking for memory.h
configure:8623: gcc -c -g -O2  conftest.c >&5
configure:8623: $? = 0
configure:8623: result: yes
configure:8623: checking for strings.h
configure:8623: gcc -c -g -O2  conftest.c >&5
configure:8623: $? = 0
configure:8623: result: yes
configure:8623: checking for inttypes.h
configure:8623: gcc -c -g -O2  conftest.c >&5
configure:8623: $? = 0
configure:8623: result: yes
configure:8623: checking for stdint.h
configure:8623: gcc -c -g -O2  conftest.c >&5
configure:8623: $? = 0
configure:8623: result: yes
configure:8623: checking for unistd.h
configure:8623: gcc -c -g -O2  conftest.c >&5
configure:8623: $? = 0
configure:8623: result: yes
configure:8637: checking for dlfcn.h
configure:8637: gcc -c -g -O2  conftest.c >&5
configure:8637: $? = 0
configure:8637: result: yes
configure:8903: checking for objdir
configure:8918: result: .libs
configure:9182: checking if gcc supports -fno-rtti -fno-exceptions
configure:9200: gcc -c -g -O2  -fno-rtti -fno-exceptions conftest.c >&5
cc1: warning: command-line option '-fno-rtti' is valid for C++/D/ObjC++ but not for C
configure:9204: $? = 0
configure:9217: result: no
configure:9575: checking for gcc option to produce PIC
configure:9582: result: -fPIC -DPIC
configure:9590: checking if gcc PIC flag -fPIC -DPIC works
configure:9608: gcc -c -g -O2  -fPIC -DPIC -DPIC conftest.c >&5
configure:9612: $? = 0
configure:9625: result: yes
configure:9654: checking if gcc static flag -static works
configure:9682: result: no
configure:9697: checking if gcc supports -c -o file.o
configure:9718: gcc -c -g -O2  -o out/conftest2.o conftest.c >&5
configure:9722: $? = 0
configure:9744: result: yes
configure:9752: checking if gcc supports -c -o file.o
configure:9799: result: yes
configure:9832: checking whether the gcc linker (/usr/bin/ld -m elf_x86_64) supports shared libraries
configure:11091: result: yes
configure:11128: checking whether -lc should be explicitly linked in
configure:11136: gcc -c -g -O2  conftest.c >&5
configure:11139: $? = 0
configure:11154: gcc -shared  -fPIC -DPIC conftest.o  -v -Wl,-soname -Wl,conftest -o conftest 2\>\&1 \| /usr/bin/grep  -lc  \>/dev/null 2\>\&1
configure:11157: $? = 0
configure:11171: result: no
configure:11331: checking dynamic linker characteristics
configure:11912: gcc -o conftest -g -O2   -Wl,-rpath -Wl,/foo conftest.c  >&5
configure:11912: $? = 0
configure:12152: result: GNU/Linux ld.so
configure:12274: checking how to hardcode library paths into programs
configure:12299: result: immediate
configure:12847: checking whether stripping libraries is possible
configure:12852: result: yes
configure:12887: checking if libtool supports shared libraries
configure:12889: result: yes
configure:12892: checking whether to build shared libraries
configure:12917: result: yes
configure:12920: checking whether to build static libraries
configure:12924: result: yes
configure:12947: checking how to run the C++ preprocessor
configure:12974: g++ -E  conftest.cpp
configure:12974: $? = 0
configure:12988: g++ -E  conftest.cpp
conftest.cpp:23:10: fatal error: ac_nonexistent.h: No such file or directory
   23 | #include <ac_nonexistent.h>
      |          ^~~~~~~~~~~~~~~~~~
compilation terminated.
configure:12988: $? = 1
configure: failed program was:
| /* confdefs.h */
| #define PACKAGE_NAME "libibsimu-1.0.6dev"
| #define PACKAGE_TARNAME "libibsimu-1-0-6dev"
| #define PACKAGE_VERSION "1.0.6dev"
| #define PACKAGE_STRING "libibsimu-1.0.6dev 1.0.6dev"
| #define PACKAGE_BUGREPORT "taneli.kalvas@jyu.fi"
| #define PACKAGE_URL ""
| #define PACKAGE "libibsimu-1-0-6dev"
| #define VERSION "1.0.6dev"
| #define STDC_HEADERS 1
| #define HAVE_SYS_TYPES_H 1
| #define HAVE_SYS_STAT_H 1
| #define HAVE_STDLIB_H 1
| #define HAVE_STRING_H 1
| #define HAVE_MEMORY_H 1
| #define HAVE_STRINGS_H 1
| #define HAVE_INTTYPES_H 1
| #define HAVE_STDINT_H 1
| #define HAVE_UNISTD_H 1
| #define HAVE_DLFCN_H 1
| #define LT_OBJDIR ".libs/"
| /* end confdefs.h.  */
| #include <ac_nonexistent.h>
configure:13013: result: g++ -E
configure:13033: g++ -E  conftest.cpp
configure:13033: $? = 0
configure:13047: g++ -E  conftest.cpp
conftest.cpp:23:10: fatal error: ac_nonexistent.h: No such file or directory
   23 | #include <ac_nonexistent.h>
      |          ^~~~~~~~~~~~~~~~~~
compilation terminated.
configure:13047: $? = 1
configure: failed program was:
| /* confdefs.h */
| #define PACKAGE_NAME "libibsimu-1.0.6dev"
| #define PACKAGE_TARNAME "libibsimu-1-0-6dev"
| #define PACKAGE_VERSION "1.0.6dev"
| #define PACKAGE_STRING "libibsimu-1.0.6dev 1.0.6dev"
| #define PACKAGE_BUGREPORT "taneli.kalvas@jyu.fi"
| #define PACKAGE_URL ""
| #define PACKAGE "libibsimu-1-0-6dev"
| #define VERSION "1.0.6dev"
| #define STDC_HEADERS 1
| #define HAVE_SYS_TYPES_H 1
| #define HAVE_SYS_STAT_H 1
| #define HAVE_STDLIB_H 1
| #define HAVE_STRING_H 1
| #define HAVE_MEMORY_H 1
| #define HAVE_STRINGS_H 1
| #define HAVE_INTTYPES_H 1
| #define HAVE_STDINT_H 1
| #define HAVE_UNISTD_H 1
| #define HAVE_DLFCN_H 1
| #define LT_OBJDIR ".libs/"
| /* end confdefs.h.  */
| #include <ac_nonexistent.h>
configure:13209: checking for ld used by g++
configure:13276: result: /usr/bin/ld -m elf_x86_64
configure:13283: checking if the linker (/usr/bin/ld -m elf_x86_64) is GNU ld
configure:13298: result: yes
configure:13353: checking whether the g++ linker (/usr/bin/ld -m elf_x86_64) supports shared libraries
configure:14426: result: yes
configure:14462: g++ -c -O3 -fopenmp  conftest.cpp >&5
configure:14465: $? = 0
configure:14946: checking for g++ option to produce PIC
configure:14953: result: -fPIC -DPIC
configure:14961: checking if g++ PIC flag -fPIC -DPIC works
configure:14979: g++ -c -O3 -fopenmp  -fPIC -DPIC -DPIC conftest.cpp >&5
configure:14983: $? = 0
configure:14996: result: yes
configure:15019: checking if g++ static flag -static works
configure:15047: result: no
configure:15059: checking if g++ supports -c -o file.o
configure:15080: g++ -c -O3 -fopenmp  -o out/conftest2.o conftest.cpp >&5
configure:15084: $? = 0
configure:15106: result: yes
configure:15111: checking if g++ supports -c -o file.o
configure:15158: result: yes
configure:15188: checking whether the g++ linker (/usr/bin/ld -m elf_x86_64) supports shared libraries
configure:15228: result: yes
configure:15369: checking dynamic linker characteristics
configure:16117: result: GNU/Linux ld.so
configure:16182: checking how to hardcode library paths into programs
configure:16207: result: immediate
configure:16380: checking for C++ compiler version
configure:16389: g++ --version >&5
g++ (GCC) 11.5.0 20240719 (Red Hat 11.5.0-5)
Copyright (C) 2021 Free Software Foundation, Inc.
This is free software; see the source for copying conditions.  There is NO
warranty; not even for MERCHANTABILITY or FITNESS FOR A PARTICULAR PURPOSE.

configure:16400: $? = 0
configure:16389: g++ -v >&5
Using built-in specs.
COLLECT_GCC=g++
COLLECT_LTO_WRAPPER=/usr/libexec/gcc/x86_64-redhat-linux/11/lto-wrapper
OFFLOAD_TARGET_NAMES=nvptx-none
OFFLOAD_TARGET_DEFAULT=1
Target: x86_64-redhat-linux
Configured with: ../configure --enable-bootstrap --enable-host-pie --enable-host-bind-now --enable-languages=c,c++,fortran,lto --prefix=/usr --mandir=/usr/share/man --infodir=/usr/share/info --with-bugurl=http://bugzilla.redhat.com/bugzilla --enable-shared --enable-threads=posix --enable-checking=release --with-system-zlib --enable-__cxa_atexit --disable-libunwind-exceptions --enable-gnu-unique-object --enable-linker-build-id --with-gcc-major-version-only --enable-plugin --enable-initfini-array --without-isl --enable-multilib --with-linker-hash-style=gnu --enable-offload-targets=nvptx-none --without-cuda-driver --enable-gnu-indirect-function --enable-cet --with-tune=generic --with-arch_64=x86-64-v2 --with-arch_32=x86-64 --build=x86_64-redhat-linux --with-build-config=bootstrap-lto --enable-link-serialization=1
Thread model: posix
Supported LTO compression algorithms: zlib zstd
gcc version 11.5.0 20240719 (Red Hat 11.5.0-5) (GCC) 
... rest of stderr output deleted ...
configure:16400: $? = 0
configure:16389: g++ -V >&5
g++: error: unrecognized command-line option '-V'
g++: fatal error: no input files
compilation terminated.
configure:16400: $? = 1
configure:16389: g++ -qversion >&5
g++: error: unrecognized command-line option '-qversion'; did you mean '--version'?
g++: fatal error: no input files
compilation terminated.
configure:16400: $? = 1
configure:16404: checking whether we are using the GNU C++ compiler
configure:16432: result: yes
configure:16441: checking whether g++ accepts -g
configure:16502: result: yes
configure:16527: checking dependency style of g++
configure:16638: result: gcc3
configure:16709: checking for pkg-config
configure:16727: found /usr/bin/pkg-config
configure:16739: result: /usr/bin/pkg-config
configure:16764: checking pkg-config is at least version 0.9.0
configure:16767: result: yes
configure:16784: checking if zlib is wanted
configure:16828: checking for inflateEnd in -lz
configure:16853: gcc -o conftest -g -O2  -I/usr/include  -L/usr/lib conftest.c -lz   >&5
configure:16853: $? = 0
configure:16862: result: yes
configure:16870: checking zlib.h usability
configure:16870: gcc -c -g -O2  -I/usr/include conftest.c >&5
configure:16870: $? = 0
configure:16870: result: yes
configure:16870: checking zlib.h presence
configure:16870: gcc -E  -I/usr/include conftest.c
configure:16870: $? = 0
configure:16870: result: yes
configure:16870: checking for zlib.h
configure:16870: result: yes
configure:16889: checking for inflateEnd in -lz
configure:16923: result: yes
configure:16934: checking zlib in /usr
configure:16936: result: ok
configure:16978: checking for GTK3
configure:16985: $PKG_CONFIG --exists --print-errors "gtk+-3.0"
configure:16988: $? = 0
configure:17002: $PKG_CONFIG --exists --print-errors "gtk+-3.0"
configure:17005: $? = 0
configure:17043: result: yes
configure:17084: checking for GTKGLEXT
configure:17091: $PKG_CONFIG --exists --print-errors "gtkglext-3.0"
Package gtkglext-3.0 was not found in the pkg-config search path.
Perhaps you should add the directory containing `gtkglext-3.0.pc'
to the PKG_CONFIG_PATH environment variable
Package 'gtkglext-3.0', required by 'virtual:world', not found
configure:17094: $? = 1
configure:17108: $PKG_CONFIG --exists --print-errors "gtkglext-3.0"
Package gtkglext-3.0 was not found in the pkg-config search path.
Perhaps you should add the directory containing `gtkglext-3.0.pc'
to the PKG_CONFIG_PATH environment variable
Package 'gtkglext-3.0', required by 'virtual:world', not found
configure:17111: $? = 1
configure:17125: result: no
Package 'gtkglext-3.0', required by 'virtual:world', not found
configure:17213: checking umfpack.h in /usr/local/include/suitesparse/
configure:17216: result: no
configure:17219: checking umfpack.h in /usr/include/suitesparse/
configure:17222: result: no
configure:17488: checking for CSG
configure:17495: $PKG_CONFIG --exists --print-errors "csg"
Package csg was not found in the pkg-config search path.
Perhaps you should add the directory containing `csg.pc'
to the PKG_CONFIG_PATH environment variable
Package 'csg', required by 'virtual:world', not found
configure:17498: $? = 1
configure:17512: $PKG_CONFIG --exists --print-errors "csg"
Package csg was not found in the pkg-config search path.
Perhaps you should add the directory containing `csg.pc'
to the PKG_CONFIG_PATH environment variable
Package 'csg', required by 'virtual:world', not found
configure:17515: $? = 1
configure:17529: result: no
Package 'csg', required by 'virtual:world', not found
configure:17706: checking for cos in -lm
configure:17731: g++ -o conftest -O3 -fopenmp  -I/usr/include -DSIGSEGV_STACK -I/usr/include/gtk-3.0 -I/usr/include/pango-1.0 -I/usr/include/glib-2.0 -I/usr/lib64/glib-2.0/include -I/usr/include/sysprof-4 -I/usr/include/harfbuzz -I/usr/include/freetype2 -I/usr/include/libpng16 -I/usr/include/libmount -I/usr/include/blkid -I/usr/include/fribidi -I/usr/include/libxml2 -I/usr/include/cairo -I/usr/include/pixman-1 -I/usr/include/gdk-pixbuf-2.0 -I/usr/include/gio-unix-2.0 -I/usr/include/atk-1.0 -I/usr/include/at-spi2-atk/2.0 -I/usr/include/dbus-1.0 -I/usr/lib64/dbus-1.0/include -I/usr/include/at-spi-2.0 -pthread  -I/opt/intel/oneapi/mkl/2025.0/include  -L/usr/lib -L/opt/intel/oneapi/mkl/2025.0/lib/intel64 -Wl,-rpath,/opt/intel/oneapi/mkl/2025.0/lib/intel64 conftest.cpp -lm  -lz  -lgtk-3 -lgdk-3 -lpangocairo-1.0 -lpango-1.0 -lharfbuzz -latk-1.0 -lcairo-gobject -lcairo -lgdk_pixbuf-2.0 -lgio-2.0 -lgobject-2.0 -lglib-2.0  -lmkl_intel_lp64 -lmkl_gnu_thread -lmkl_core -lgomp -ldl -lpthread -lm >&5
conftest.cpp:33:6: warning: declaration of 'char cos()' conflicts with built-in declaration 'double cos(double)' [-Wbuiltin-declaration-mismatch]
   33 | char cos ();
      |      ^~~
configure:17731: $? = 0
configure:17740: result: yes
configure:17763: checking for LIBPNG
configure:17770: $PKG_CONFIG --exists --print-errors "libpng"
configure:17773: $? = 0
configure:17787: $PKG_CONFIG --exists --print-errors "libpng"
configure:17790: $? = 0
configure:17848: result: yes
configure:17863: checking for FONTCONFIG
configure:17870: $PKG_CONFIG --exists --print-errors "fontconfig"
configure:17873: $? = 0
configure:17887: $PKG_CONFIG --exists --print-errors "fontconfig"
configure:17890: $? = 0
configure:17948: result: yes
configure:17963: checking for FREETYPE
configure:17970: $PKG_CONFIG --exists --print-errors "freetype2"
configure:17973: $? = 0
configure:17987: $PKG_CONFIG --exists --print-errors "freetype2"
configure:17990: $? = 0
configure:18048: result: yes
configure:18063: checking for CAIRO
configure:18070: $PKG_CONFIG --exists --print-errors "cairo >= 1.2.4"
configure:18073: $? = 0
configure:18087: $PKG_CONFIG --exists --print-errors "cairo >= 1.2.4"
configure:18090: $? = 0
configure:18148: result: yes
configure:18324: checking for the pthreads library -lpthreads
configure:18357: gcc -o conftest -g -O2  -g -O2  -I/usr/include -DSIGSEGV_STACK -I/usr/include/gtk-3.0 -I/usr/include/pango-1.0 -I/usr/include/glib-2.0 -I/usr/lib64/glib-2.0/include -I/usr/include/sysprof-4 -I/usr/include/harfbuzz -I/usr/include/freetype2 -I/usr/include/libpng16 -I/usr/include/libmount -I/usr/include/blkid -I/usr/include/fribidi -I/usr/include/libxml2 -I/usr/include/cairo -I/usr/include/pixman-1 -I/usr/include/gdk-pixbuf-2.0 -I/usr/include/gio-unix-2.0 -I/usr/include/atk-1.0 -I/usr/include/at-spi2-atk/2.0 -I/usr/include/dbus-1.0 -I/usr/lib64/dbus-1.0/include -I/usr/include/at-spi-2.0 -pthread  -I/opt/intel/oneapi/mkl/2025.0/include  -I/usr/include/libpng16  -I/usr/include/freetype2 -I/usr/include/libpng16 -I/usr/include/harfbuzz -I/usr/include/glib-2.0 -I/usr/lib64/glib-2.0/include -I/usr/include/sysprof-4 -pthread -I/usr/include/libxml2  -I/usr/include/freetype2 -I/usr/include/libpng16 -I/usr/include/harfbuzz -I/usr/include/glib-2.0 -I/usr/lib64/glib-2.0/include -I/usr/include/sysprof-4 -pthread  -I/usr/include/cairo -I/usr/include/glib-2.0 -I/usr/lib64/glib-2.0/include -I/usr/include/sysprof-4 -I/usr/include/pixman-1 -I/usr/include/freetype2 -I/usr/include/libpng16 -I/usr/include/harfbuzz -I/usr/include/libxml2 -pthread   -L/usr/lib -L/opt/intel/oneapi/mkl/2025.0/lib/intel64 -Wl,-rpath,/opt/intel/oneapi/mkl/2025.0/lib/intel64 conftest.c -lpthreads -lz  -lgtk-3 -lgdk-3 -lpangocairo-1.0 -lpango-1.0 -lharfbuzz -latk-1.0 -lcairo-gobject -lcairo -lgdk_pixbuf-2.0 -lgio-2.0 -lgobject-2.0 -lglib-2.0  -lmkl_intel_lp64 -lmkl_gnu_thread -lmkl_core -lgomp -ldl -lpthread -lm -lm  -lpng16 -lz  -lfontconfig -lfreetype  -lfreetype  -lcairo  >&5
/usr/bin/ld: cannot find -lpthreads
collect2: error: ld returned 1 exit status
configure:18357: $? = 1
configure: failed program was:
| /* confdefs.h */
| #define PACKAGE_NAME "libibsimu-1.0.6dev"
| #define PACKAGE_TARNAME "libibsimu-1-0-6dev"
| #define PACKAGE_VERSION "1.0.6dev"
| #define PACKAGE_STRING "libibsimu-1.0.6dev 1.0.6dev"
| #define PACKAGE_BUGREPORT "taneli.kalvas@jyu.fi"
| #define PACKAGE_URL ""
| #define PACKAGE "libibsimu-1-0-6dev"
| #define VERSION "1.0.6dev"
| #define STDC_HEADERS 1
| #define HAVE_SYS_TYPES_H 1
| #define HAVE_SYS_STAT_H 1
| #define HAVE_STDLIB_H 1
| #define HAVE_STRING_H 1
| #define HAVE_MEMORY_H 1
| #define HAVE_STRINGS_H 1
| #define HAVE_INTTYPES_H 1
| #define HAVE_STDINT_H 1
| #define HAVE_UNISTD_H 1
| #define HAVE_DLFCN_H 1
| #define LT_OBJDIR ".libs/"
| #define HAVE_LIBZ 1
| #define GTK3 1
| #define USE_MKL 1
| /* end confdefs.h.  */
| #include <pthread.h>
| int
| main ()
| {
| pthread_t th; pthread_join(th, 0);
|                      pthread_attr_init(0); pthread_cleanup_push(0, 0);
|                      pthread_create(0,0,0,0); pthread_cleanup_pop(0);
|   ;
|   return 0;
| }
configure:18366: result: no
configure:18269: checking whether pthreads work without any flags
configure:18357: gcc -o conftest -g -O2  -g -O2  -I/usr/include -DSIGSEGV_STACK -I/usr/include/gtk-3.0 -I/usr/include/pango-1.0 -I/usr/include/glib-2.0 -I/usr/lib64/glib-2.0/include -I/usr/include/sysprof-4 -I/usr/include/harfbuzz -I/usr/include/freetype2 -I/usr/include/libpng16 -I/usr/include/libmount -I/usr/include/blkid -I/usr/include/fribidi -I/usr/include/libxml2 -I/usr/include/cairo -I/usr/include/pixman-1 -I/usr/include/gdk-pixbuf-2.0 -I/usr/include/gio-unix-2.0 -I/usr/include/atk-1.0 -I/usr/include/at-spi2-atk/2.0 -I/usr/include/dbus-1.0 -I/usr/lib64/dbus-1.0/include -I/usr/include/at-spi-2.0 -pthread  -I/opt/intel/oneapi/mkl/2025.0/include  -I/usr/include/libpng16  -I/usr/include/freetype2 -I/usr/include/libpng16 -I/usr/include/harfbuzz -I/usr/include/glib-2.0 -I/usr/lib64/glib-2.0/include -I/usr/include/sysprof-4 -pthread -I/usr/include/libxml2  -I/usr/include/freetype2 -I/usr/include/libpng16 -I/usr/include/harfbuzz -I/usr/include/glib-2.0 -I/usr/lib64/glib-2.0/include -I/usr/include/sysprof-4 -pthread  -I/usr/include/cairo -I/usr/include/glib-2.0 -I/usr/lib64/glib-2.0/include -I/usr/include/sysprof-4 -I/usr/include/pixman-1 -I/usr/include/freetype2 -I/usr/include/libpng16 -I/usr/include/harfbuzz -I/usr/include/libxml2 -pthread   -L/usr/lib -L/opt/intel/oneapi/mkl/2025.0/lib/intel64 -Wl,-rpath,/opt/intel/oneapi/mkl/2025.0/lib/intel64 conftest.c  -lz  -lgtk-3 -lgdk-3 -lpangocairo-1.0 -lpango-1.0 -lharfbuzz -latk-1.0 -lcairo-gobject -lcairo -lgdk_pixbuf-2.0 -lgio-2.0 -lgobject-2.0 -lglib-2.0  -lmkl_intel_lp64 -lmkl_gnu_thread -lmkl_core -lgomp -ldl -lpthread -lm -lm  -lpng16 -lz  -lfontconfig -lfreetype  -lfreetype  -lcairo  >&5
configure:18357: $? = 0
configure:18366: result: yes
configure:18385: checking for joinable pthread attribute
configure:18400: gcc -o conftest -g -O2  -g -O2  -I/usr/include -DSIGSEGV_STACK -I/usr/include/gtk-3.0 -I/usr/include/pango-1.0 -I/usr/include/glib-2.0 -I/usr/lib64/glib-2.0/include -I/usr/include/sysprof-4 -I/usr/include/harfbuzz -I/usr/include/freetype2 -I/usr/include/libpng16 -I/usr/include/libmount -I/usr/include/blkid -I/usr/include/fribidi -I/usr/include/libxml2 -I/usr/include/cairo -I/usr/include/pixman-1 -I/usr/include/gdk-pixbuf-2.0 -I/usr/include/gio-unix-2.0 -I/usr/include/atk-1.0 -I/usr/include/at-spi2-atk/2.0 -I/usr/include/dbus-1.0 -I/usr/lib64/dbus-1.0/include -I/usr/include/at-spi-2.0 -pthread  -I/opt/intel/oneapi/mkl/2025.0/include  -I/usr/include/libpng16  -I/usr/include/freetype2 -I/usr/include/libpng16 -I/usr/include/harfbuzz -I/usr/include/glib-2.0 -I/usr/lib64/glib-2.0/include -I/usr/include/sysprof-4 -pthread -I/usr/include/libxml2  -I/usr/include/freetype2 -I/usr/include/libpng16 -I/usr/include/harfbuzz -I/usr/include/glib-2.0 -I/usr/lib64/glib-2.0/include -I/usr/include/sysprof-4 -pthread  -I/usr/include/cairo -I/usr/include/glib-2.0 -I/usr/lib64/glib-2.0/include -I/usr/include/sysprof-4 -I/usr/include/pixman-1 -I/usr/include/freetype2 -I/usr/include/libpng16 -I/usr/include/harfbuzz -I/usr/include/libxml2 -pthread   -L/usr/lib -L/opt/intel/oneapi/mkl/2025.0/lib/intel64 -Wl,-rpath,/opt/intel/oneapi/mkl/2025.0/lib/intel64 conftest.c  -lz  -lgtk-3 -lgdk-3 -lpangocairo-1.0 -lpango-1.0 -lharfbuzz -latk-1.0 -lcairo-gobject -lcairo -lgdk_pixbuf-2.0 -lgio-2.0 -lgobject-2.0 -lglib-2.0  -lmkl_intel_lp64 -lmkl_gnu_thread -lmkl_core -lgomp -ldl -lpthread -lm -lm  -lpng16 -lz  -lfontconfig -lfreetype  -lfreetype  -lcairo  >&5
configure:18400: $? = 0
configure:18406: result: PTHREAD_CREATE_JOINABLE
configure:18416: checking if more special flags are required for pthreads
configure:18423: result: no
configure:18513: checking for GSL
configure:18520: $PKG_CONFIG --exists --print-errors "gsl >= 1.12"
configure:18523: $? = 0
configure:18537: $PKG_CONFIG --exists --print-errors "gsl >= 1.12"
configure:18540: $? = 0
configure:18598: result: yes
configure:18613: checking for unistd.h
configure:18613: result: yes
configure:18625: checking for getcwd
configure:18625: g++ -o conftest -O3 -fopenmp -g -O2  -I/usr/include -DSIGSEGV_STACK -I/usr/include/gtk-3.0 -I/usr/include/pango-1.0 -I/usr/include/glib-2.0 -I/usr/lib64/glib-2.0/include -I/usr/include/sysprof-4 -I/usr/include/harfbuzz -I/usr/include/freetype2 -I/usr/include/libpng16 -I/usr/include/libmount -I/usr/include/blkid -I/usr/include/fribidi -I/usr/include/libxml2 -I/usr/include/cairo -I/usr/include/pixman-1 -I/usr/include/gdk-pixbuf-2.0 -I/usr/include/gio-unix-2.0 -I/usr/include/atk-1.0 -I/usr/include/at-spi2-atk/2.0 -I/usr/include/dbus-1.0 -I/usr/lib64/dbus-1.0/include -I/usr/include/at-spi-2.0 -pthread  -I/opt/intel/oneapi/mkl/2025.0/include  -I/usr/include/libpng16  -I/usr/include/freetype2 -I/usr/include/libpng16 -I/usr/include/harfbuzz -I/usr/include/glib-2.0 -I/usr/lib64/glib-2.0/include -I/usr/include/sysprof-4 -pthread -I/usr/include/libxml2  -I/usr/include/freetype2 -I/usr/include/libpng16 -I/usr/include/harfbuzz -I/usr/include/glib-2.0 -I/usr/lib64/glib-2.0/include -I/usr/include/sysprof-4 -pthread  -I/usr/include/cairo -I/usr/include/glib-2.0 -I/usr/lib64/glib-2.0/include -I/usr/include/sysprof-4 -I/usr/include/pixman-1 -I/usr/include/freetype2 -I/usr/include/libpng16 -I/usr/include/harfbuzz -I/usr/include/libxml2 -pthread     -L/usr/lib -L/opt/intel/oneapi/mkl/2025.0/lib/intel64 -Wl,-rpath,/opt/intel/oneapi/mkl/2025.0/lib/intel64 conftest.cpp -lz  -lgtk-3 -lgdk-3 -lpangocairo-1.0 -lpango-1.0 -lharfbuzz -latk-1.0 -lcairo-gobject -lcairo -lgdk_pixbuf-2.0 -lgio-2.0 -lgobject-2.0 -lglib-2.0  -lmkl_intel_lp64 -lmkl_gnu_thread -lmkl_core -lgomp -ldl -lpthread -lm -lm  -lpng16 -lz  -lfontconfig -lfreetype  -lfreetype  -lcairo    -lgsl -lgslcblas -lm  >&5
configure:18625: $? = 0
configure:18625: result: yes
configure:18636: checking for siginfo_t
configure:18636: g++ -c -O3 -fopenmp -g -O2  -I/usr/include -DSIGSEGV_STACK -I/usr/include/gtk-3.0 -I/usr/include/pango-1.0 -I/usr/include/glib-2.0 -I/usr/lib64/glib-2.0/include -I/usr/include/sysprof-4 -I/usr/include/harfbuzz -I/usr/include/freetype2 -I/usr/include/libpng16 -I/usr/include/libmount -I/usr/include/blkid -I/usr/include/fribidi -I/usr/include/libxml2 -I/usr/include/cairo -I/usr/include/pixman-1 -I/usr/include/gdk-pixbuf-2.0 -I/usr/include/gio-unix-2.0 -I/usr/include/atk-1.0 -I/usr/include/at-spi2-atk/2.0 -I/usr/include/dbus-1.0 -I/usr/lib64/dbus-1.0/include -I/usr/include/at-spi-2.0 -pthread  -I/opt/intel/oneapi/mkl/2025.0/include  -I/usr/include/libpng16  -I/usr/include/freetype2 -I/usr/include/libpng16 -I/usr/include/harfbuzz -I/usr/include/glib-2.0 -I/usr/lib64/glib-2.0/include -I/usr/include/sysprof-4 -pthread -I/usr/include/libxml2  -I/usr/include/freetype2 -I/usr/include/libpng16 -I/usr/include/harfbuzz -I/usr/include/glib-2.0 -I/usr/lib64/glib-2.0/include -I/usr/include/sysprof-4 -pthread  -I/usr/include/cairo -I/usr/include/glib-2.0 -I/usr/lib64/glib-2.0/include -I/usr/include/sysprof-4 -I/usr/include/pixman-1 -I/usr/include/freetype2 -I/usr/include/libpng16 -I/usr/include/harfbuzz -I/usr/include/libxml2 -pthread    conftest.cpp >&5
configure:18636: $? = 0
configure:18636: g++ -c -O3 -fopenmp -g -O2  -I/usr/include -DSIGSEGV_STACK -I/usr/include/gtk-3.0 -I/usr/include/pango-1.0 -I/usr/include/glib-2.0 -I/usr/lib64/glib-2.0/include -I/usr/include/sysprof-4 -I/usr/include/harfbuzz -I/usr/include/freetype2 -I/usr/include/libpng16 -I/usr/include/libmount -I/usr/include/blkid -I/usr/include/fribidi -I/usr/include/libxml2 -I/usr/include/cairo -I/usr/include/pixman-1 -I/usr/include/gdk-pixbuf-2.0 -I/usr/include/gio-unix-2.0 -I/usr/include/atk-1.0 -I/usr/include/at-spi2-atk/2.0 -I/usr/include/dbus-1.0 -I/usr/lib64/dbus-1.0/include -I/usr/include/at-spi-2.0 -pthread  -I/opt/intel/oneapi/mkl/2025.0/include  -I/usr/include/libpng16  -I/usr/include/freetype2 -I/usr/include/libpng16 -I/usr/include/harfbuzz -I/usr/include/glib-2.0 -I/usr/lib64/glib-2.0/include -I/usr/include/sysprof-4 -pthread -I/usr/include/libxml2  -I/usr/include/freetype2 -I/usr/include/libpng16 -I/usr/include/harfbuzz -I/usr/include/glib-2.0 -I/usr/lib64/glib-2.0/include -I/usr/include/sysprof-4 -pthread  -I/usr/include/cairo -I/usr/include/glib-2.0 -I/usr/lib64/glib-2.0/include -I/usr/include/sysprof-4 -I/usr/include/pixman-1 -I/usr/include/freetype2 -I/usr/include/libpng16 -I/usr/include/harfbuzz -I/usr/include/libxml2 -pthread    conftest.cpp >&5
conftest.cpp: In function 'int main()':
conftest.cpp:34:23: error: expected primary-expression before ')' token
   34 | if (sizeof ((siginfo_t)))
      |                       ^
configure:18636: $? = 1
configure: failed program was:
| /* confdefs.h */
| #define PACKAGE_NAME "libibsimu-1.0.6dev"
| #define PACKAGE_TARNAME "libibsimu-1-0-6dev"
| #define PACKAGE_VERSION "1.0.6dev"
| #define PACKAGE_STRING "libibsimu-1.0.6dev 1.0.6dev"
| #define PACKAGE_BUGREPORT "taneli.kalvas@jyu.fi"
| #define PACKAGE_URL ""
| #define PACKAGE "libibsimu-1-0-6dev"
| #define VERSION "1.0.6dev"
| #define STDC_HEADERS 1
| #define HAVE_SYS_TYPES_H 1
| #define HAVE_SYS_STAT_H 1
| #define HAVE_STDLIB_H 1
| #define HAVE_STRING_H 1
| #define HAVE_MEMORY_H 1
| #define HAVE_STRINGS_H 1
| #define HAVE_INTTYPES_H 1
| #define HAVE_STDINT_H 1
| #define HAVE_UNISTD_H 1
| #define HAVE_DLFCN_H 1
| #define LT_OBJDIR ".libs/"
| #define HAVE_LIBZ 1
| #define GTK3 1
| #define USE_MKL 1
| #define HAVE_PTHREAD 1
| #define HAVE_UNISTD_H 1
| #define HAVE_GETCWD 1
| /* end confdefs.h.  */
| #include <signal.h>
| 
| int
| main ()
| {
| if (sizeof ((siginfo_t)))
| 	    return 0;
|   ;
|   return 0;
| }
configure:18636: result: yes
configure:18647: checking for clockid_t
configure:18647: g++ -c -O3 -fopenmp -g -O2  -I/usr/include -DSIGSEGV_STACK -I/usr/include/gtk-3.0 -I/usr/include/pango-1.0 -I/usr/include/glib-2.0 -I/usr/lib64/glib-2.0/include -I/usr/include/sysprof-4 -I/usr/include/harfbuzz -I/usr/include/freetype2 -I/usr/include/libpng16 -I/usr/include/libmount -I/usr/include/blkid -I/usr/include/fribidi -I/usr/include/libxml2 -I/usr/include/cairo -I/usr/include/pixman-1 -I/usr/include/gdk-pixbuf-2.0 -I/usr/include/gio-unix-2.0 -I/usr/include/atk-1.0 -I/usr/include/at-spi2-atk/2.0 -I/usr/include/dbus-1.0 -I/usr/lib64/dbus-1.0/include -I/usr/include/at-spi-2.0 -pthread  -I/opt/intel/oneapi/mkl/2025.0/include  -I/usr/include/libpng16  -I/usr/include/freetype2 -I/usr/include/libpng16 -I/usr/include/harfbuzz -I/usr/include/glib-2.0 -I/usr/lib64/glib-2.0/include -I/usr/include/sysprof-4 -pthread -I/usr/include/libxml2  -I/usr/include/freetype2 -I/usr/include/libpng16 -I/usr/include/harfbuzz -I/usr/include/glib-2.0 -I/usr/lib64/glib-2.0/include -I/usr/include/sysprof-4 -pthread  -I/usr/include/cairo -I/usr/include/glib-2.0 -I/usr/lib64/glib-2.0/include -I/usr/include/sysprof-4 -I/usr/include/pixman-1 -I/usr/include/freetype2 -I/usr/include/libpng16 -I/usr/include/harfbuzz -I/usr/include/libxml2 -pthread    conftest.cpp >&5
configure:18647: $? = 0
configure:18647: g++ -c -O3 -fopenmp -g -O2  -I/usr/include -DSIGSEGV_STACK -I/usr/include/gtk-3.0 -I/usr/include/pango-1.0 -I/usr/include/glib-2.0 -I/usr/lib64/glib-2.0/include -I/usr/include/sysprof-4 -I/usr/include/harfbuzz -I/usr/include/freetype2 -I/usr/include/libpng16 -I/usr/include/libmount -I/usr/include/blkid -I/usr/include/fribidi -I/usr/include/libxml2 -I/usr/include/cairo -I/usr/include/pixman-1 -I/usr/include/gdk-pixbuf-2.0 -I/usr/include/gio-unix-2.0 -I/usr/include/atk-1.0 -I/usr/include/at-spi2-atk/2.0 -I/usr/include/dbus-1.0 -I/usr/lib64/dbus-1.0/include -I/usr/include/at-spi-2.0 -pthread  -I/opt/intel/oneapi/mkl/2025.0/include  -I/usr/include/libpng16  -I/usr/include/freetype2 -I/usr/include/libpng16 -I/usr/include/harfbuzz -I/usr/include/glib-2.0 -I/usr/lib64/glib-2.0/include -I/usr/include/sysprof-4 -pthread -I/usr/include/libxml2  -I/usr/include/freetype2 -I/usr/include/libpng16 -I/usr/include/harfbuzz -I/usr/include/glib-2.0 -I/usr/lib64/glib-2.0/include -I/usr/include/sysprof-4 -pthread  -I/usr/include/cairo -I/usr/include/glib-2.0 -I/usr/lib64/glib-2.0/include -I/usr/include/sysprof-4 -I/usr/include/pixman-1 -I/usr/include/freetype2 -I/usr/include/libpng16 -I/usr/include/harfbuzz -I/usr/include/libxml2 -pthread    conftest.cpp >&5
conftest.cpp: In function 'int main()':
conftest.cpp:35:23: error: expected primary-expression before ')' token
   35 | if (sizeof ((clockid_t)))
      |                       ^
configure:18647: $? = 1
configure: failed program was:
| /* confdefs.h */
| #define PACKAGE_NAME "libibsimu-1.0.6dev"
| #define PACKAGE_TARNAME "libibsimu-1-0-6dev"
| #define PACKAGE_VERSION "1.0.6dev"
| #define PACKAGE_STRING "libibsimu-1.0.6dev 1.0.6dev"
| #define PACKAGE_BUGREPORT "taneli.kalvas@jyu.fi"
| #define PACKAGE_URL ""
| #define PACKAGE "libibsimu-1-0-6dev"
| #define VERSION "1.0.6dev"
| #define STDC_HEADERS 1
| #define HAVE_SYS_TYPES_H 1
| #define HAVE_SYS_STAT_H 1
| #define HAVE_STDLIB_H 1
| #define HAVE_STRING_H 1
| #define HAVE_MEMORY_H 1
| #define HAVE_STRINGS_H 1
| #define HAVE_INTTYPES_H 1
| #define HAVE_STDINT_H 1
| #define HAVE_UNISTD_H 1
| #define HAVE_DLFCN_H 1
| #define LT_OBJDIR ".libs/"
| #define HAVE_LIBZ 1
| #define GTK3 1
| #define USE_MKL 1
| #define HAVE_PTHREAD 1
| #define HAVE_UNISTD_H 1
| #define HAVE_GETCWD 1
| #define HAVE_SIGINFO_T 1
| /* end confdefs.h.  */
| #include <time.h>
| 
| int
| main ()
| {
| if (sizeof ((clockid_t)))
| 	    return 0;
|   ;
|   return 0;
| }
configure:18647: result: yes
configure:18658: checking for struct timespec
configure:18658: g++ -c -O3 -fopenmp -g -O2  -I/usr/include -DSIGSEGV_STACK -I/usr/include/gtk-3.0 -I/usr/include/pango-1.0 -I/usr/include/glib-2.0 -I/usr/lib64/glib-2.0/include -I/usr/include/sysprof-4 -I/usr/include/harfbuzz -I/usr/include/freetype2 -I/usr/include/libpng16 -I/usr/include/libmount -I/usr/include/blkid -I/usr/include/fribidi -I/usr/include/libxml2 -I/usr/include/cairo -I/usr/include/pixman-1 -I/usr/include/gdk-pixbuf-2.0 -I/usr/include/gio-unix-2.0 -I/usr/include/atk-1.0 -I/usr/include/at-spi2-atk/2.0 -I/usr/include/dbus-1.0 -I/usr/lib64/dbus-1.0/include -I/usr/include/at-spi-2.0 -pthread  -I/opt/intel/oneapi/mkl/2025.0/include  -I/usr/include/libpng16  -I/usr/include/freetype2 -I/usr/include/libpng16 -I/usr/include/harfbuzz -I/usr/include/glib-2.0 -I/usr/lib64/glib-2.0/include -I/usr/include/sysprof-4 -pthread -I/usr/include/libxml2  -I/usr/include/freetype2 -I/usr/include/libpng16 -I/usr/include/harfbuzz -I/usr/include/glib-2.0 -I/usr/lib64/glib-2.0/include -I/usr/include/sysprof-4 -pthread  -I/usr/include/cairo -I/usr/include/glib-2.0 -I/usr/lib64/glib-2.0/include -I/usr/include/sysprof-4 -I/usr/include/pixman-1 -I/usr/include/freetype2 -I/usr/include/libpng16 -I/usr/include/harfbuzz -I/usr/include/libxml2 -pthread    conftest.cpp >&5
configure:18658: $? = 0
configure:18658: g++ -c -O3 -fopenmp -g -O2  -I/usr/include -DSIGSEGV_STACK -I/usr/include/gtk-3.0 -I/usr/include/pango-1.0 -I/usr/include/glib-2.0 -I/usr/lib64/glib-2.0/include -I/usr/include/sysprof-4 -I/usr/include/harfbuzz -I/usr/include/freetype2 -I/usr/include/libpng16 -I/usr/include/libmount -I/usr/include/blkid -I/usr/include/fribidi -I/usr/include/libxml2 -I/usr/include/cairo -I/usr/include/pixman-1 -I/usr/include/gdk-pixbuf-2.0 -I/usr/include/gio-unix-2.0 -I/usr/include/atk-1.0 -I/usr/include/at-spi2-atk/2.0 -I/usr/include/dbus-1.0 -I/usr/lib64/dbus-1.0/include -I/usr/include/at-spi-2.0 -pthread  -I/opt/intel/oneapi/mkl/2025.0/include  -I/usr/include/libpng16  -I/usr/include/freetype2 -I/usr/include/libpng16 -I/usr/include/harfbuzz -I/usr/include/glib-2.0 -I/usr/lib64/glib-2.0/include -I/usr/include/sysprof-4 -pthread -I/usr/include/libxml2  -I/usr/include/freetype2 -I/usr/include/libpng16 -I/usr/include/harfbuzz -I/usr/include/glib-2.0 -I/usr/lib64/glib-2.0/include -I/usr/include/sysprof-4 -pthread  -I/usr/include/cairo -I/usr/include/glib-2.0 -I/usr/lib64/glib-2.0/include -I/usr/include/sysprof-4 -I/usr/include/pixman-1 -I/usr/include/freetype2 -I/usr/include/libpng16 -I/usr/include/harfbuzz -I/usr/include/libxml2 -pthread    conftest.cpp >&5
conftest.cpp: In function 'int main()':
conftest.cpp:36:14: error: expected primary-expression before 'struct'
   36 | if (sizeof ((struct timespec)))
      |              ^~~~~~
conftest.cpp:36:14: error: expected ')' before 'struct'
   36 | if (sizeof ((struct timespec)))
      |             ~^~~~~~
      |              )
conftest.cpp:37:21: error: expected ')' before ';' token
   37 |             return 0;
      |                     ^
      |                     )
conftest.cpp:36:12: note: to match this '('
   36 | if (sizeof ((struct timespec)))
      |            ^
conftest.cpp:37:21: error: expected ')' before ';' token
   37 |             return 0;
      |                     ^
      |                     )
conftest.cpp:36:4: note: to match this '('
   36 | if (sizeof ((struct timespec)))
      |    ^
configure:18658: $? = 1
configure: failed program was:
| /* confdefs.h */
| #define PACKAGE_NAME "libibsimu-1.0.6dev"
| #define PACKAGE_TARNAME "libibsimu-1-0-6dev"
| #define PACKAGE_VERSION "1.0.6dev"
| #define PACKAGE_STRING "libibsimu-1.0.6dev 1.0.6dev"
| #define PACKAGE_BUGREPORT "taneli.kalvas@jyu.fi"
| #define PACKAGE_URL ""
| #define PACKAGE "libibsimu-1-0-6dev"
| #define VERSION "1.0.6dev"
| #define STDC_HEADERS 1
| #define HAVE_SYS_TYPES_H 1
| #define HAVE_SYS_STAT_H 1
| #define HAVE_STDLIB_H 1
| #define HAVE_STRING_H 1
| #define HAVE_MEMORY_H 1
| #define HAVE_STRINGS_H 1
| #define HAVE_INTTYPES_H 1
| #define HAVE_STDINT_H 1
| #define HAVE_UNISTD_H 1
| #define HAVE_DLFCN_H 1
| #define LT_OBJDIR ".libs/"
| #define HAVE_LIBZ 1
| #define GTK3 1
| #define USE_MKL 1
| #define HAVE_PTHREAD 1
| #define HAVE_UNISTD_H 1
| #define HAVE_GETCWD 1
| #define HAVE_SIGINFO_T 1
| #define HAVE_CLOCKID_T 1
| /* end confdefs.h.  */
| #include <time.h>
| 
| int
| main ()
| {
| if (sizeof ((struct timespec)))
| 	    return 0;
|   ;
|   return 0;
| }
configure:18658: result: yes
configure:18671: checking for clock_gettime in -lrt
configure:18696: g++ -o conftest -O3 -fopenmp -g -O2  -I/usr/include -DSIGSEGV_STACK -I/usr/include/gtk-3.0 -I/usr/include/pango-1.0 -I/usr/include/glib-2.0 -I/usr/lib64/glib-2.0/include -I/usr/include/sysprof-4 -I/usr/include/harfbuzz -I/usr/include/freetype2 -I/usr/include/libpng16 -I/usr/include/libmount -I/usr/include/blkid -I/usr/include/fribidi -I/usr/include/libxml2 -I/usr/include/cairo -I/usr/include/pixman-1 -I/usr/include/gdk-pixbuf-2.0 -I/usr/include/gio-unix-2.0 -I/usr/include/atk-1.0 -I/usr/include/at-spi2-atk/2.0 -I/usr/include/dbus-1.0 -I/usr/lib64/dbus-1.0/include -I/usr/include/at-spi-2.0 -pthread  -I/opt/intel/oneapi/mkl/2025.0/include  -I/usr/include/libpng16  -I/usr/include/freetype2 -I/usr/include/libpng16 -I/usr/include/harfbuzz -I/usr/include/glib-2.0 -I/usr/lib64/glib-2.0/include -I/usr/include/sysprof-4 -pthread -I/usr/include/libxml2  -I/usr/include/freetype2 -I/usr/include/libpng16 -I/usr/include/harfbuzz -I/usr/include/glib-2.0 -I/usr/lib64/glib-2.0/include -I/usr/include/sysprof-4 -pthread  -I/usr/include/cairo -I/usr/include/glib-2.0 -I/usr/lib64/glib-2.0/include -I/usr/include/sysprof-4 -I/usr/include/pixman-1 -I/usr/include/freetype2 -I/usr/include/libpng16 -I/usr/include/harfbuzz -I/usr/include/libxml2 -pthread     -L/usr/lib -L/opt/intel/oneapi/mkl/2025.0/lib/intel64 -Wl,-rpath,/opt/intel/oneapi/mkl/2025.0/lib/intel64 conftest.cpp -lrt  -lz  -lgtk-3 -lgdk-3 -lpangocairo-1.0 -lpango-1.0 -lharfbuzz -latk-1.0 -lcairo-gobject -lcairo -lgdk_pixbuf-2.0 -lgio-2.0 -lgobject-2.0 -lglib-2.0  -lmkl_intel_lp64 -lmkl_gnu_thread -lmkl_core -lgomp -ldl -lpthread -lm -lm  -lpng16 -lz  -lfontconfig -lfreetype  -lfreetype  -lcairo    -lgsl -lgslcblas -lm  >&5
configure:18696: $? = 0
configure:18705: result: yes
configure:18720: checking sys/time.h usability
configure:18720: g++ -c -O3 -fopenmp -g -O2  -I/usr/include -DSIGSEGV_STACK -I/usr/include/gtk-3.0 -I/usr/include/pango-1.0 -I/usr/include/glib-2.0 -I/usr/lib64/glib-2.0/include -I/usr/include/sysprof-4 -I/usr/include/harfbuzz -I/usr/include/freetype2 -I/usr/include/libpng16 -I/usr/include/libmount -I/usr/include/blkid -I/usr/include/fribidi -I/usr/include/libxml2 -I/usr/include/cairo -I/usr/include/pixman-1 -I/usr/include/gdk-pixbuf-2.0 -I/usr/include/gio-unix-2.0 -I/usr/include/atk-1.0 -I/usr/include/at-spi2-atk/2.0 -I/usr/include/dbus-1.0 -I/usr/lib64/dbus-1.0/include -I/usr/include/at-spi-2.0 -pthread  -I/opt/intel/oneapi/mkl/2025.0/include  -I/usr/include/libpng16  -I/usr/include/freetype2 -I/usr/include/libpng16 -I/usr/include/harfbuzz -I/usr/include/glib-2.0 -I/usr/lib64/glib-2.0/include -I/usr/include/sysprof-4 -pthread -I/usr/include/libxml2  -I/usr/include/freetype2 -I/usr/include/libpng16 -I/usr/include/harfbuzz -I/usr/include/glib-2.0 -I/usr/lib64/glib-2.0/include -I/usr/include/sysprof-4 -pthread  -I/usr/include/cairo -I/usr/include/glib-2.0 -I/usr/lib64/glib-2.0/include -I/usr/include/sysprof-4 -I/usr/include/pixman-1 -I/usr/include/freetype2 -I/usr/include/libpng16 -I/usr/include/harfbuzz -I/usr/include/libxml2 -pthread    conftest.cpp >&5
configure:18720: $? = 0
configure:18720: result: yes
configure:18720: checking sys/time.h presence
configure:18720: g++ -E -g -O2  -I/usr/include -DSIGSEGV_STACK -I/usr/include/gtk-3.0 -I/usr/include/pango-1.0 -I/usr/include/glib-2.0 -I/usr/lib64/glib-2.0/include -I/usr/include/sysprof-4 -I/usr/include/harfbuzz -I/usr/include/freetype2 -I/usr/include/libpng16 -I/usr/include/libmount -I/usr/include/blkid -I/usr/include/fribidi -I/usr/include/libxml2 -I/usr/include/cairo -I/usr/include/pixman-1 -I/usr/include/gdk-pixbuf-2.0 -I/usr/include/gio-unix-2.0 -I/usr/include/atk-1.0 -I/usr/include/at-spi2-atk/2.0 -I/usr/include/dbus-1.0 -I/usr/lib64/dbus-1.0/include -I/usr/include/at-spi-2.0 -pthread  -I/opt/intel/oneapi/mkl/2025.0/include  -I/usr/include/libpng16  -I/usr/include/freetype2 -I/usr/include/libpng16 -I/usr/include/harfbuzz -I/usr/include/glib-2.0 -I/usr/lib64/glib-2.0/include -I/usr/include/sysprof-4 -pthread -I/usr/include/libxml2  -I/usr/include/freetype2 -I/usr/include/libpng16 -I/usr/include/harfbuzz -I/usr/include/glib-2.0 -I/usr/lib64/glib-2.0/include -I/usr/include/sysprof-4 -pthread  -I/usr/include/cairo -I/usr/include/glib-2.0 -I/usr/lib64/glib-2.0/include -I/usr/include/sysprof-4 -I/usr/include/pixman-1 -I/usr/include/freetype2 -I/usr/include/libpng16 -I/usr/include/harfbuzz -I/usr/include/libxml2 -pthread    conftest.cpp
configure:18720: $? = 0
configure:18720: result: yes
configure:18720: checking for sys/time.h
configure:18720: result: yes
configure:18730: checking whether time.h and sys/time.h may both be included
configure:18750: g++ -c -O3 -fopenmp -g -O2  -I/usr/include -DSIGSEGV_STACK -I/usr/include/gtk-3.0 -I/usr/include/pango-1.0 -I/usr/include/glib-2.0 -I/usr/lib64/glib-2.0/include -I/usr/include/sysprof-4 -I/usr/include/harfbuzz -I/usr/include/freetype2 -I/usr/include/libpng16 -I/usr/include/libmount -I/usr/include/blkid -I/usr/include/fribidi -I/usr/include/libxml2 -I/usr/include/cairo -I/usr/include/pixman-1 -I/usr/include/gdk-pixbuf-2.0 -I/usr/include/gio-unix-2.0 -I/usr/include/atk-1.0 -I/usr/include/at-spi2-atk/2.0 -I/usr/include/dbus-1.0 -I/usr/lib64/dbus-1.0/include -I/usr/include/at-spi-2.0 -pthread  -I/opt/intel/oneapi/mkl/2025.0/include  -I/usr/include/libpng16  -I/usr/include/freetype2 -I/usr/include/libpng16 -I/usr/include/harfbuzz -I/usr/include/glib-2.0 -I/usr/lib64/glib-2.0/include -I/usr/include/sysprof-4 -pthread -I/usr/include/libxml2  -I/usr/include/freetype2 -I/usr/include/libpng16 -I/usr/include/harfbuzz -I/usr/include/glib-2.0 -I/usr/lib64/glib-2.0/include -I/usr/include/sysprof-4 -pthread  -I/usr/include/cairo -I/usr/include/glib-2.0 -I/usr/lib64/glib-2.0/include -I/usr/include/sysprof-4 -I/usr/include/pixman-1 -I/usr/include/freetype2 -I/usr/include/libpng16 -I/usr/include/harfbuzz -I/usr/include/libxml2 -pthread    conftest.cpp >&5
configure:18750: $? = 0
configure:18757: result: yes
configure:18767: checking for gettimeofday
configure:18767: g++ -o conftest -O3 -fopenmp -g -O2  -I/usr/include -DSIGSEGV_STACK -I/usr/include/gtk-3.0 -I/usr/include/pango-1.0 -I/usr/include/glib-2.0 -I/usr/lib64/glib-2.0/include -I/usr/include/sysprof-4 -I/usr/include/harfbuzz -I/usr/include/freetype2 -I/usr/include/libpng16 -I/usr/include/libmount -I/usr/include/blkid -I/usr/include/fribidi -I/usr/include/libxml2 -I/usr/include/cairo -I/usr/include/pixman-1 -I/usr/include/gdk-pixbuf-2.0 -I/usr/include/gio-unix-2.0 -I/usr/include/atk-1.0 -I/usr/include/at-spi2-atk/2.0 -I/usr/include/dbus-1.0 -I/usr/lib64/dbus-1.0/include -I/usr/include/at-spi-2.0 -pthread  -I/opt/intel/oneapi/mkl/2025.0/include  -I/usr/include/libpng16  -I/usr/include/freetype2 -I/usr/include/libpng16 -I/usr/include/harfbuzz -I/usr/include/glib-2.0 -I/usr/lib64/glib-2.0/include -I/usr/include/sysprof-4 -pthread -I/usr/include/libxml2  -I/usr/include/freetype2 -I/usr/include/libpng16 -I/usr/include/harfbuzz -I/usr/include/glib-2.0 -I/usr/lib64/glib-2.0/include -I/usr/include/sysprof-4 -pthread  -I/usr/include/cairo -I/usr/include/glib-2.0 -I/usr/lib64/glib-2.0/include -I/usr/include/sysprof-4 -I/usr/include/pixman-1 -I/usr/include/freetype2 -I/usr/include/libpng16 -I/usr/include/harfbuzz -I/usr/include/libxml2 -pthread     -L/usr/lib -L/opt/intel/oneapi/mkl/2025.0/lib/intel64 -Wl,-rpath,/opt/intel/oneapi/mkl/2025.0/lib/intel64 conftest.cpp -lrt -lz  -lgtk-3 -lgdk-3 -lpangocairo-1.0 -lpango-1.0 -lharfbuzz -latk-1.0 -lcairo-gobject -lcairo -lgdk_pixbuf-2.0 -lgio-2.0 -lgobject-2.0 -lglib-2.0  -lmkl_intel_lp64 -lmkl_gnu_thread -lmkl_core -lgomp -ldl -lpthread -lm -lm  -lpng16 -lz  -lfontconfig -lfreetype  -lfreetype  -lcairo    -lgsl -lgslcblas -lm  >&5
configure:18767: $? = 0
configure:18767: result: yes
configure:18778: checking for clock_gettime
configure:18778: g++ -o conftest -O3 -fopenmp -g -O2  -I/usr/include -DSIGSEGV_STACK -I/usr/include/gtk-3.0 -I/usr/include/pango-1.0 -I/usr/include/glib-2.0 -I/usr/lib64/glib-2.0/include -I/usr/include/sysprof-4 -I/usr/include/harfbuzz -I/usr/include/freetype2 -I/usr/include/libpng16 -I/usr/include/libmount -I/usr/include/blkid -I/usr/include/fribidi -I/usr/include/libxml2 -I/usr/include/cairo -I/usr/include/pixman-1 -I/usr/include/gdk-pixbuf-2.0 -I/usr/include/gio-unix-2.0 -I/usr/include/atk-1.0 -I/usr/include/at-spi2-atk/2.0 -I/usr/include/dbus-1.0 -I/usr/lib64/dbus-1.0/include -I/usr/include/at-spi-2.0 -pthread  -I/opt/intel/oneapi/mkl/2025.0/include  -I/usr/include/libpng16  -I/usr/include/freetype2 -I/usr/include/libpng16 -I/usr/include/harfbuzz -I/usr/include/glib-2.0 -I/usr/lib64/glib-2.0/include -I/usr/include/sysprof-4 -pthread -I/usr/include/libxml2  -I/usr/include/freetype2 -I/usr/include/libpng16 -I/usr/include/harfbuzz -I/usr/include/glib-2.0 -I/usr/lib64/glib-2.0/include -I/usr/include/sysprof-4 -pthread  -I/usr/include/cairo -I/usr/include/glib-2.0 -I/usr/lib64/glib-2.0/include -I/usr/include/sysprof-4 -I/usr/include/pixman-1 -I/usr/include/freetype2 -I/usr/include/libpng16 -I/usr/include/harfbuzz -I/usr/include/libxml2 -pthread     -L/usr/lib -L/opt/intel/oneapi/mkl/2025.0/lib/intel64 -Wl,-rpath,/opt/intel/oneapi/mkl/2025.0/lib/intel64 conftest.cpp -lrt -lz  -lgtk-3 -lgdk-3 -lpangocairo-1.0 -lpango-1.0 -lharfbuzz -latk-1.0 -lcairo-gobject -lcairo -lgdk_pixbuf-2.0 -lgio-2.0 -lgobject-2.0 -lglib-2.0  -lmkl_intel_lp64 -lmkl_gnu_thread -lmkl_core -lgomp -ldl -lpthread -lm -lm  -lpng16 -lz  -lfontconfig -lfreetype  -lfreetype  -lcairo    -lgsl -lgslcblas -lm  >&5
configure:18778: $? = 0
configure:18778: result: yes
configure:18789: checking whether strerror_r is declared
configure:18789: g++ -c -O3 -fopenmp -g -O2  -I/usr/include -DSIGSEGV_STACK -I/usr/include/gtk-3.0 -I/usr/include/pango-1.0 -I/usr/include/glib-2.0 -I/usr/lib64/glib-2.0/include -I/usr/include/sysprof-4 -I/usr/include/harfbuzz -I/usr/include/freetype2 -I/usr/include/libpng16 -I/usr/include/libmount -I/usr/include/blkid -I/usr/include/fribidi -I/usr/include/libxml2 -I/usr/include/cairo -I/usr/include/pixman-1 -I/usr/include/gdk-pixbuf-2.0 -I/usr/include/gio-unix-2.0 -I/usr/include/atk-1.0 -I/usr/include/at-spi2-atk/2.0 -I/usr/include/dbus-1.0 -I/usr/lib64/dbus-1.0/include -I/usr/include/at-spi-2.0 -pthread  -I/opt/intel/oneapi/mkl/2025.0/include  -I/usr/include/libpng16  -I/usr/include/freetype2 -I/usr/include/libpng16 -I/usr/include/harfbuzz -I/usr/include/glib-2.0 -I/usr/lib64/glib-2.0/include -I/usr/include/sysprof-4 -pthread -I/usr/include/libxml2  -I/usr/include/freetype2 -I/usr/include/libpng16 -I/usr/include/harfbuzz -I/usr/include/glib-2.0 -I/usr/lib64/glib-2.0/include -I/usr/include/sysprof-4 -pthread  -I/usr/include/cairo -I/usr/include/glib-2.0 -I/usr/lib64/glib-2.0/include -I/usr/include/sysprof-4 -I/usr/include/pixman-1 -I/usr/include/freetype2 -I/usr/include/libpng16 -I/usr/include/harfbuzz -I/usr/include/libxml2 -pthread    conftest.cpp >&5
configure:18789: $? = 0
configure:18789: result: yes
configure:18802: checking for strerror_r
configure:18802: g++ -o conftest -O3 -fopenmp -g -O2  -I/usr/include -DSIGSEGV_STACK -I/usr/include/gtk-3.0 -I/usr/include/pango-1.0 -I/usr/include/glib-2.0 -I/usr/lib64/glib-2.0/include -I/usr/include/sysprof-4 -I/usr/include/harfbuzz -I/usr/include/freetype2 -I/usr/include/libpng16 -I/usr/include/libmount -I/usr/include/blkid -I/usr/include/fribidi -I/usr/include/libxml2 -I/usr/include/cairo -I/usr/include/pixman-1 -I/usr/include/gdk-pixbuf-2.0 -I/usr/include/gio-unix-2.0 -I/usr/include/atk-1.0 -I/usr/include/at-spi2-atk/2.0 -I/usr/include/dbus-1.0 -I/usr/lib64/dbus-1.0/include -I/usr/include/at-spi-2.0 -pthread  -I/opt/intel/oneapi/mkl/2025.0/include  -I/usr/include/libpng16  -I/usr/include/freetype2 -I/usr/include/libpng16 -I/usr/include/harfbuzz -I/usr/include/glib-2.0 -I/usr/lib64/glib-2.0/include -I/usr/include/sysprof-4 -pthread -I/usr/include/libxml2  -I/usr/include/freetype2 -I/usr/include/libpng16 -I/usr/include/harfbuzz -I/usr/include/glib-2.0 -I/usr/lib64/glib-2.0/include -I/usr/include/sysprof-4 -pthread  -I/usr/include/cairo -I/usr/include/glib-2.0 -I/usr/lib64/glib-2.0/include -I/usr/include/sysprof-4 -I/usr/include/pixman-1 -I/usr/include/freetype2 -I/usr/include/libpng16 -I/usr/include/harfbuzz -I/usr/include/libxml2 -pthread     -L/usr/lib -L/opt/intel/oneapi/mkl/2025.0/lib/intel64 -Wl,-rpath,/opt/intel/oneapi/mkl/2025.0/lib/intel64 conftest.cpp -lrt -lz  -lgtk-3 -lgdk-3 -lpangocairo-1.0 -lpango-1.0 -lharfbuzz -latk-1.0 -lcairo-gobject -lcairo -lgdk_pixbuf-2.0 -lgio-2.0 -lgobject-2.0 -lglib-2.0  -lmkl_intel_lp64 -lmkl_gnu_thread -lmkl_core -lgomp -ldl -lpthread -lm -lm  -lpng16 -lz  -lfontconfig -lfreetype  -lfreetype  -lcairo    -lgsl -lgslcblas -lm  >&5
configure:18802: $? = 0
configure:18802: result: yes
configure:18811: checking whether strerror_r returns char *
configure:18835: g++ -c -O3 -fopenmp -g -O2  -I/usr/include -DSIGSEGV_STACK -I/usr/include/gtk-3.0 -I/usr/include/pango-1.0 -I/usr/include/glib-2.0 -I/usr/lib64/glib-2.0/include -I/usr/include/sysprof-4 -I/usr/include/harfbuzz -I/usr/include/freetype2 -I/usr/include/libpng16 -I/usr/include/libmount -I/usr/include/blkid -I/usr/include/fribidi -I/usr/include/libxml2 -I/usr/include/cairo -I/usr/include/pixman-1 -I/usr/include/gdk-pixbuf-2.0 -I/usr/include/gio-unix-2.0 -I/usr/include/atk-1.0 -I/usr/include/at-spi2-atk/2.0 -I/usr/include/dbus-1.0 -I/usr/lib64/dbus-1.0/include -I/usr/include/at-spi-2.0 -pthread  -I/opt/intel/oneapi/mkl/2025.0/include  -I/usr/include/libpng16  -I/usr/include/freetype2 -I/usr/include/libpng16 -I/usr/include/harfbuzz -I/usr/include/glib-2.0 -I/usr/lib64/glib-2.0/include -I/usr/include/sysprof-4 -pthread -I/usr/include/libxml2  -I/usr/include/freetype2 -I/usr/include/libpng16 -I/usr/include/harfbuzz -I/usr/include/glib-2.0 -I/usr/lib64/glib-2.0/include -I/usr/include/sysprof-4 -pthread  -I/usr/include/cairo -I/usr/include/glib-2.0 -I/usr/lib64/glib-2.0/include -I/usr/include/sysprof-4 -I/usr/include/pixman-1 -I/usr/include/freetype2 -I/usr/include/libpng16 -I/usr/include/harfbuzz -I/usr/include/libxml2 -pthread    conftest.cpp >&5
configure:18835: $? = 0
configure:18873: result: yes
configure:18986: checking that generated files are newer than configure
configure:18992: result: done
configure:19039: creating ./config.status

## ---------------------- ##
## Running config.status. ##
## ---------------------- ##

This file was extended by libibsimu-1.0.6dev config.status 1.0.6dev, which was
generated by GNU Autoconf 2.69.  Invocation command line was

  CONFIG_FILES    = 
  CONFIG_HEADERS  = 
  CONFIG_LINKS    = 
  CONFIG_COMMANDS = 
  $ ./config.status 

on DPACE-S0222-Phy

config.status:1232: creating Makefile
config.status:1232: creating src/Makefile
config.status:1232: creating tests/Makefile
config.status:1232: creating doc/Makefile
config.status:1232: creating doc/Doxyfile
config.status:1232: creating doc/Doxyfile_web
config.status:1232: creating ibsimu-1.0.6dev.pc
config.status:1232: creating src/config.h
config.status:1413: src/config.h is unchanged
config.status:1461: executing depfiles commands
config.status:1538: cd src       && sed -e '/# am--include-marker/d' Makefile         | make -f - am--depfiles
make: Nothing to be done for 'am--depfiles'.
config.status:1543: $? = 0
config.status:1538: cd tests       && sed -e '/# am--include-marker/d' Makefile         | make -f - am--depfiles
make: Nothing to be done for 'am--depfiles'.
config.status:1543: $? = 0
config.status:1461: executing libtool commands

## ---------------- ##
## Cache variables. ##
## ---------------- ##

ac_cv_build=x86_64-pc-linux-gnu
ac_cv_c_compiler_gnu=yes
ac_cv_cxx_compiler_gnu=yes
ac_cv_env_CAIRO_CFLAGS_set=
ac_cv_env_CAIRO_CFLAGS_value=
ac_cv_env_CAIRO_LIBS_set=
ac_cv_env_CAIRO_LIBS_value=
ac_cv_env_CCC_set=
ac_cv_env_CCC_value=
ac_cv_env_CC_set=
ac_cv_env_CC_value=
ac_cv_env_CFLAGS_set=
ac_cv_env_CFLAGS_value=
ac_cv_env_CPPFLAGS_set=
ac_cv_env_CPPFLAGS_value=
ac_cv_env_CPP_set=
ac_cv_env_CPP_value=
ac_cv_env_CSG_CFLAGS_set=
ac_cv_env_CSG_CFLAGS_value=
ac_cv_env_CSG_LIBS_set=
ac_cv_env_CSG_LIBS_value=
ac_cv_env_CXXCPP_set=
ac_cv_env_CXXCPP_value=
ac_cv_env_CXXFLAGS_set=set
ac_cv_env_CXXFLAGS_value='-O3 -fopenmp'
ac_cv_env_CXX_set=
ac_cv_env_CXX_value=
ac_cv_env_FONTCONFIG_CFLAGS_set=
ac_cv_env_FONTCONFIG_CFLAGS_value=
ac_cv_env_FONTCONFIG_LIBS_set=
ac_cv_env_FONTCONFIG_LIBS_value=
ac_cv_env_FREETYPE_CFLAGS_set=
ac_cv_env_FREETYPE_CFLAGS_value=
ac_cv_env_FREETYPE_LIBS_set=
ac_cv_env_FREETYPE_LIBS_value=
ac_cv_env_GSL_CFLAGS_set=
ac_cv_env_GSL_CFLAGS_value=
ac_cv_env_GSL_LIBS_set=
ac_cv_env_GSL_LIBS_value=
ac_cv_env_GTK3_CFLAGS_set=
ac_cv_env_GTK3_CFLAGS_value=
ac_cv_env_GTK3_LIBS_set=
ac_cv_env_GTK3_LIBS_value=
ac_cv_env_GTKGLEXT_CFLAGS_set=
ac_cv_env_GTKGLEXT_CFLAGS_value=
ac_cv_env_GTKGLEXT_LIBS_set=
ac_cv_env_GTKGLEXT_LIBS_value=
ac_cv_env_LDFLAGS_set=
ac_cv_env_LDFLAGS_value=
ac_cv_env_LIBPNG_CFLAGS_set=
ac_cv_env_LIBPNG_CFLAGS_value=
ac_cv_env_LIBPNG_LIBS_set=
ac_cv_env_LIBPNG_LIBS_value=
ac_cv_env_LIBS_set=
ac_cv_env_LIBS_value=
ac_cv_env_LT_SYS_LIBRARY_PATH_set=
ac_cv_env_LT_SYS_LIBRARY_PATH_value=
ac_cv_env_PKG_CONFIG_LIBDIR_set=
ac_cv_env_PKG_CONFIG_LIBDIR_value=
ac_cv_env_PKG_CONFIG_PATH_set=set
ac_cv_env_PKG_CONFIG_PATH_value=/opt/intel/oneapi/vtune/2025.0/include/pkgconfig/lib64:/opt/intel/oneapi/tbb/2022.0/env/../lib/pkgconfig:/opt/intel/oneapi/mpi/2021.14/lib/pkgconfig:/opt/intel/oneapi/mkl/2025.0/lib/pkgconfig:/opt/intel/oneapi/ippcp/2025.0/lib/pkgconfig:/opt/intel/oneapi/dpl/2022.7/lib/pkgconfig:/opt/intel/oneapi/dnnl/2025.0/lib/pkgconfig:/opt/intel/oneapi/dal/2025.0/lib/pkgconfig:/opt/intel/oneapi/compiler/2025.0/lib/pkgconfig:/opt/intel/oneapi/ccl/2021.14/lib/pkgconfig/:/opt/intel/oneapi/advisor/2025.0/include/pkgconfig/lib64:
ac_cv_env_PKG_CONFIG_set=
ac_cv_env_PKG_CONFIG_value=
ac_cv_env_build_alias_set=
ac_cv_env_build_alias_value=
ac_cv_env_host_alias_set=
ac_cv_env_host_alias_value=
ac_cv_env_target_alias_set=
ac_cv_env_target_alias_value=
ac_cv_func_clock_gettime=yes
ac_cv_func_getcwd=yes
ac_cv_func_gettimeofday=yes
ac_cv_func_strerror_r=yes
ac_cv_func_strerror_r_char_p=yes
ac_cv_have_decl_strerror_r=yes
ac_cv_header_dlfcn_h=yes
ac_cv_header_inttypes_h=yes
ac_cv_header_memory_h=yes
ac_cv_header_stdc=yes
ac_cv_header_stdint_h=yes
ac_cv_header_stdlib_h=yes
ac_cv_header_string_h=yes
ac_cv_header_strings_h=yes
ac_cv_header_sys_stat_h=yes
ac_cv_header_sys_time_h=yes
ac_cv_header_sys_types_h=yes
ac_cv_header_time=yes
ac_cv_header_unistd_h=yes
ac_cv_header_zlib_h=yes
ac_cv_host=x86_64-pc-linux-gnu
ac_cv_lib_m_cos=yes
ac_cv_lib_rt_clock_gettime=yes
ac_cv_lib_z_inflateEnd=yes
ac_cv_objext=o
ac_cv_path_EGREP='/usr/bin/grep -E'
ac_cv_path_FGREP='/usr/bin/grep -F'
ac_cv_path_GREP=/usr/bin/grep
ac_cv_path_SED=/usr/bin/sed
ac_cv_path_ac_pt_PKG_CONFIG=/usr/bin/pkg-config
ac_cv_path_grep=/usr/bin/grep
ac_cv_path_install='/usr/bin/install -c'
ac_cv_path_lt_DD=/usr/bin/dd
ac_cv_path_mkdir=/usr/bin/mkdir
ac_cv_prog_AWK=gawk
ac_cv_prog_CPP='gcc -E'
ac_cv_prog_CXXCPP='g++ -E'
ac_cv_prog_ac_ct_AR=ar
ac_cv_prog_ac_ct_CC=gcc
ac_cv_prog_ac_ct_CXX=g++
ac_cv_prog_ac_ct_OBJDUMP=objdump
ac_cv_prog_ac_ct_RANLIB=ranlib
ac_cv_prog_ac_ct_STRIP=strip
ac_cv_prog_cc_c89=
ac_cv_prog_cc_g=yes
ac_cv_prog_cxx_g=yes
ac_cv_prog_make_make_set=yes
ac_cv_type_clockid_t=yes
ac_cv_type_siginfo_t=yes
ac_cv_type_struct_timespec=yes
am_cv_CC_dependencies_compiler_type=gcc3
am_cv_CXX_dependencies_compiler_type=gcc3
am_cv_make_support_nested_variables=yes
am_cv_prog_cc_c_o=yes
lt_cv_ar_at_file=@
lt_cv_archive_cmds_need_lc=no
lt_cv_deplibs_check_method=pass_all
lt_cv_file_magic_cmd='$MAGIC_CMD'
lt_cv_file_magic_test_file=
lt_cv_ld_reload_flag=-r
lt_cv_nm_interface='BSD nm'
lt_cv_objdir=.libs
lt_cv_path_LD=/usr/bin/ld
lt_cv_path_LDCXX='/usr/bin/ld -m elf_x86_64'
lt_cv_path_NM='/usr/bin/nm -B'
lt_cv_path_mainfest_tool=no
lt_cv_prog_compiler_c_o=yes
lt_cv_prog_compiler_c_o_CXX=yes
lt_cv_prog_compiler_pic='-fPIC -DPIC'
lt_cv_prog_compiler_pic_CXX='-fPIC -DPIC'
lt_cv_prog_compiler_pic_works=yes
lt_cv_prog_compiler_pic_works_CXX=yes
lt_cv_prog_compiler_rtti_exceptions=no
lt_cv_prog_compiler_static_works=no
lt_cv_prog_compiler_static_works_CXX=no
lt_cv_prog_gnu_ld=yes
lt_cv_prog_gnu_ldcxx=yes
lt_cv_sharedlib_from_linklib_cmd='printf %s\n'
lt_cv_shlibpath_overrides_runpath=no
lt_cv_sys_global_symbol_pipe='sed -n -e '\''s/^.*[	 ]\([ABCDGIRSTW][ABCDGIRSTW]*\)[	 ][	 ]*\([_A-Za-z][_A-Za-z0-9]*\)$/\1 \2 \2/p'\'' | sed '\''/ __gnu_lto/d'\'''
lt_cv_sys_global_symbol_to_c_name_address='sed -n -e '\''s/^: \(.*\) .*$/  {"\1", (void *) 0},/p'\'' -e '\''s/^[ABCDGIRSTW][ABCDGIRSTW]* .* \(.*\)$/  {"\1", (void *) \&\1},/p'\'''
lt_cv_sys_global_symbol_to_c_name_address_lib_prefix='sed -n -e '\''s/^: \(.*\) .*$/  {"\1", (void *) 0},/p'\'' -e '\''s/^[ABCDGIRSTW][ABCDGIRSTW]* .* \(lib.*\)$/  {"\1", (void *) \&\1},/p'\'' -e '\''s/^[ABCDGIRSTW][ABCDGIRSTW]* .* \(.*\)$/  {"lib\1", (void *) \&\1},/p'\'''
lt_cv_sys_global_symbol_to_cdecl='sed -n -e '\''s/^T .* \(.*\)$/extern int \1();/p'\'' -e '\''s/^[ABCDGIRSTW][ABCDGIRSTW]* .* \(.*\)$/extern char \1;/p'\'''
lt_cv_sys_global_symbol_to_import=
lt_cv_sys_max_cmd_len=1572864
lt_cv_to_host_file_cmd=func_convert_file_noop
lt_cv_to_tool_file_cmd=func_convert_file_noop
lt_cv_truncate_bin='/usr/bin/dd bs=4096 count=1'
pkg_cv_CAIRO_CFLAGS='-I/usr/include/cairo -I/usr/include/glib-2.0 -I/usr/lib64/glib-2.0/include -I/usr/include/sysprof-4 -I/usr/include/pixman-1 -I/usr/include/freetype2 -I/usr/include/libpng16 -I/usr/include/harfbuzz -I/usr/include/libxml2 -pthread '
pkg_cv_CAIRO_LIBS='-lcairo '
pkg_cv_FONTCONFIG_CFLAGS='-I/usr/include/freetype2 -I/usr/include/libpng16 -I/usr/include/harfbuzz -I/usr/include/glib-2.0 -I/usr/lib64/glib-2.0/include -I/usr/include/sysprof-4 -pthread -I/usr/include/libxml2 '
pkg_cv_FONTCONFIG_LIBS='-lfontconfig -lfreetype '
pkg_cv_FREETYPE_CFLAGS='-I/usr/include/freetype2 -I/usr/include/libpng16 -I/usr/include/harfbuzz -I/usr/include/glib-2.0 -I/usr/lib64/glib-2.0/include -I/usr/include/sysprof-4 -pthread '
pkg_cv_FREETYPE_LIBS='-lfreetype '
pkg_cv_GSL_CFLAGS=
pkg_cv_GSL_LIBS='-lgsl -lgslcblas -lm '
pkg_cv_GTK3_CFLAGS='-I/usr/include/gtk-3.0 -I/usr/include/pango-1.0 -I/usr/include/glib-2.0 -I/usr/lib64/glib-2.0/include -I/usr/include/sysprof-4 -I/usr/include/harfbuzz -I/usr/include/freetype2 -I/usr/include/libpng16 -I/usr/include/libmount -I/usr/include/blkid -I/usr/include/fribidi -I/usr/include/libxml2 -I/usr/include/cairo -I/usr/include/pixman-1 -I/usr/include/gdk-pixbuf-2.0 -I/usr/include/gio-unix-2.0 -I/usr/include/atk-1.0 -I/usr/include/at-spi2-atk/2.0 -I/usr/include/dbus-1.0 -I/usr/lib64/dbus-1.0/include -I/usr/include/at-spi-2.0 -pthread '
pkg_cv_GTK3_LIBS='-lgtk-3 -lgdk-3 -lpangocairo-1.0 -lpango-1.0 -lharfbuzz -latk-1.0 -lcairo-gobject -lcairo -lgdk_pixbuf-2.0 -lgio-2.0 -lgobject-2.0 -lglib-2.0 '
pkg_cv_LIBPNG_CFLAGS='-I/usr/include/libpng16 '
pkg_cv_LIBPNG_LIBS='-lpng16 -lz '
zlib_cv_libz=yes
zlib_cv_zlib_h=yes

## ----------------- ##
## Output variables. ##
## ----------------- ##

ACLOCAL='${SHELL} /home/nsavard/ibsimu_install/ibsimu_mod/missing aclocal-1.16'
AMDEPBACKSLASH='\'
AMDEP_FALSE='#'
AMDEP_TRUE=''
AMTAR='$${TAR-tar}'
AM_BACKSLASH='\'
AM_DEFAULT_V='$(AM_DEFAULT_VERBOSITY)'
AM_DEFAULT_VERBOSITY='1'
AM_V='$(V)'
AR='ar'
AUTOCONF='${SHELL} /home/nsavard/ibsimu_install/ibsimu_mod/missing autoconf'
AUTOHEADER='${SHELL} /home/nsavard/ibsimu_install/ibsimu_mod/missing autoheader'
AUTOMAKE='${SHELL} /home/nsavard/ibsimu_install/ibsimu_mod/missing automake-1.16'
AWK='gawk'
CAIRO_CFLAGS='-I/usr/include/cairo -I/usr/include/glib-2.0 -I/usr/lib64/glib-2.0/include -I/usr/include/sysprof-4 -I/usr/include/pixman-1 -I/usr/include/freetype2 -I/usr/include/libpng16 -I/usr/include/harfbuzz -I/usr/include/libxml2 -pthread '
CAIRO_LIBS='-lcairo '
CC='gcc'
CCDEPMODE='depmode=gcc3'
CFLAGS='-g -O2'
CPP='gcc -E'
CPPFLAGS='-g -O2  -I/usr/include -DSIGSEGV_STACK -I/usr/include/gtk-3.0 -I/usr/include/pango-1.0 -I/usr/include/glib-2.0 -I/usr/lib64/glib-2.0/include -I/usr/include/sysprof-4 -I/usr/include/harfbuzz -I/usr/include/freetype2 -I/usr/include/libpng16 -I/usr/include/libmount -I/usr/include/blkid -I/usr/include/fribidi -I/usr/include/libxml2 -I/usr/include/cairo -I/usr/include/pixman-1 -I/usr/include/gdk-pixbuf-2.0 -I/usr/include/gio-unix-2.0 -I/usr/include/atk-1.0 -I/usr/include/at-spi2-atk/2.0 -I/usr/include/dbus-1.0 -I/usr/lib64/dbus-1.0/include -I/usr/include/at-spi-2.0 -pthread  -I/opt/intel/oneapi/mkl/2025.0/include  -I/usr/include/libpng16  -I/usr/include/freetype2 -I/usr/include/libpng16 -I/usr/include/harfbuzz -I/usr/include/glib-2.0 -I/usr/lib64/glib-2.0/include -I/usr/include/sysprof-4 -pthread -I/usr/include/libxml2  -I/usr/include/freetype2 -I/usr/include/libpng16 -I/usr/include/harfbuzz -I/usr/include/glib-2.0 -I/usr/lib64/glib-2.0/include -I/usr/include/sysprof-4 -pthread  -I/usr/include/cairo -I/usr/include/glib-2.0 -I/usr/lib64/glib-2.0/include -I/usr/include/sysprof-4 -I/usr/include/pixman-1 -I/usr/include/freetype2 -I/usr/include/libpng16 -I/usr/include/harfbuzz -I/usr/include/libxml2 -pthread   '
CSG_CFLAGS=''
CSG_COND=''
CSG_FALSE=''
CSG_LIBS=''
CSG_TRUE='#'
CXX='g++'
CXXCPP='g++ -E'
CXXDEPMODE='depmode=gcc3'
CXXFLAGS='-O3 -fopenmp'
CYGPATH_W='echo'
DEFS='-DHAVE_CONFIG_H'
DEPDIR='.deps'
DLLTOOL='false'
DSYMUTIL=''
DUMPBIN=''
ECHO_C=''
ECHO_N='-n'
ECHO_T=''
EGREP='/usr/bin/grep -E'
EXEEXT=''
FGREP='/usr/bin/grep -F'
FONTCONFIG_CFLAGS='-I/usr/include/freetype2 -I/usr/include/libpng16 -I/usr/include/harfbuzz -I/usr/include/glib-2.0 -I/usr/lib64/glib-2.0/include -I/usr/include/sysprof-4 -pthread -I/usr/include/libxml2 '
FONTCONFIG_LIBS='-lfontconfig -lfreetype '
FREETYPE_CFLAGS='-I/usr/include/freetype2 -I/usr/include/libpng16 -I/usr/include/harfbuzz -I/usr/include/glib-2.0 -I/usr/lib64/glib-2.0/include -I/usr/include/sysprof-4 -pthread '
FREETYPE_LIBS='-lfreetype '
GREP='/usr/bin/grep'
GSL_CFLAGS=''
GSL_LIBS='-lgsl -lgslcblas -lm '
GTK3_CFLAGS='-I/usr/include/gtk-3.0 -I/usr/include/pango-1.0 -I/usr/include/glib-2.0 -I/usr/lib64/glib-2.0/include -I/usr/include/sysprof-4 -I/usr/include/harfbuzz -I/usr/include/freetype2 -I/usr/include/libpng16 -I/usr/include/libmount -I/usr/include/blkid -I/usr/include/fribidi -I/usr/include/libxml2 -I/usr/include/cairo -I/usr/include/pixman-1 -I/usr/include/gdk-pixbuf-2.0 -I/usr/include/gio-unix-2.0 -I/usr/include/atk-1.0 -I/usr/include/at-spi2-atk/2.0 -I/usr/include/dbus-1.0 -I/usr/lib64/dbus-1.0/include -I/usr/include/at-spi-2.0 -pthread '
GTK3_COND='gtk+-3.0'
GTK3_FALSE='#'
GTK3_LIBS='-lgtk-3 -lgdk-3 -lpangocairo-1.0 -lpango-1.0 -lharfbuzz -latk-1.0 -lcairo-gobject -lcairo -lgdk_pixbuf-2.0 -lgio-2.0 -lgobject-2.0 -lglib-2.0 '
GTK3_TRUE=''
GTKGLEXT_CFLAGS=''
GTKGLEXT_LIBS=''
INSTALL_DATA='${INSTALL} -m 644'
INSTALL_PROGRAM='${INSTALL}'
INSTALL_SCRIPT='${INSTALL}'
INSTALL_STRIP_PROGRAM='$(install_sh) -c -s'
LD='/usr/bin/ld -m elf_x86_64'
LDFLAGS=' -L/usr/lib -L/opt/intel/oneapi/mkl/2025.0/lib/intel64 -Wl,-rpath,/opt/intel/oneapi/mkl/2025.0/lib/intel64'
LIBM='-lm'
LIBOBJS=''
LIBPNG_CFLAGS='-I/usr/include/libpng16 '
LIBPNG_LIBS='-lpng16 -lz '
LIBS='-lrt -lz  -lgtk-3 -lgdk-3 -lpangocairo-1.0 -lpango-1.0 -lharfbuzz -latk-1.0 -lcairo-gobject -lcairo -lgdk_pixbuf-2.0 -lgio-2.0 -lgobject-2.0 -lglib-2.0  -lmkl_intel_lp64 -lmkl_gnu_thread -lmkl_core -lgomp -ldl -lpthread -lm -lm  -lpng16 -lz  -lfontconfig -lfreetype  -lfreetype  -lcairo    -lgsl -lgslcblas -lm '
LIBTOOL='$(SHELL) $(top_builddir)/libtool'
LIPO=''
LN_S='ln -s'
LTLIBOBJS=''
LT_SYS_LIBRARY_PATH=''
MAKEINFO='${SHELL} /home/nsavard/ibsimu_install/ibsimu_mod/missing makeinfo'
MANIFEST_TOOL=':'
MKDIR_P='/usr/bin/mkdir -p'
MKL_CPPFLAGS='-I/opt/intel/oneapi/mkl/2025.0/include'
MKL_LDFLAGS='-L/opt/intel/oneapi/mkl/2025.0/lib/intel64 -Wl,-rpath,/opt/intel/oneapi/mkl/2025.0/lib/intel64'
MKL_LIBS='-lmkl_intel_lp64 -lmkl_gnu_thread -lmkl_core -lgomp -ldl -lpthread -lm'
NM='/usr/bin/nm -B'
NMEDIT=''
OBJDUMP='objdump'
OBJEXT='o'
OPENGL_COND=''
OPENGL_FALSE=''
OPENGL_TRUE='#'
OTOOL64=''
OTOOL=''
PACKAGE='libibsimu-1-0-6dev'
PACKAGE_BUGREPORT='taneli.kalvas@jyu.fi'
PACKAGE_NAME='libibsimu-1.0.6dev'
PACKAGE_STRING='libibsimu-1.0.6dev 1.0.6dev'
PACKAGE_TARNAME='libibsimu-1-0-6dev'
PACKAGE_URL=''
PACKAGE_VERSION='1.0.6dev'
PATH_SEPARATOR=':'
PKG_CONFIG='/usr/bin/pkg-config'
PKG_CONFIG_LIBDIR=''
PKG_CONFIG_PATH='/opt/intel/oneapi/vtune/2025.0/include/pkgconfig/lib64:/opt/intel/oneapi/tbb/2022.0/env/../lib/pkgconfig:/opt/intel/oneapi/mpi/2021.14/lib/pkgconfig:/opt/intel/oneapi/mkl/2025.0/lib/pkgconfig:/opt/intel/oneapi/ippcp/2025.0/lib/pkgconfig:/opt/intel/oneapi/dpl/2022.7/lib/pkgconfig:/opt/intel/oneapi/dnnl/2025.0/lib/pkgconfig:/opt/intel/oneapi/dal/2025.0/lib/pkgconfig:/opt/intel/oneapi/compiler/2025.0/lib/pkgconfig:/opt/intel/oneapi/ccl/2021.14/lib/pkgconfig/:/opt/intel/oneapi/advisor/2025.0/include/pkgconfig/lib64:'
PTHREAD_CC='gcc'
PTHREAD_CFLAGS=''
PTHREAD_LIBS=''
RANLIB='ranlib'
SED='/usr/bin/sed'
SET_MAKE=''
SHELL='/bin/sh'
STRIP='strip'
UMFPACK_CFLAGS=''
UMFPACK_FALSE=''
UMFPACK_LIBS=''
UMFPACK_TRUE='#'
VERSION='1.0.6dev'
ac_ct_AR='ar'
ac_ct_CC='gcc'
ac_ct_CXX='g++'
ac_ct_DUMPBIN=''
acx_pthread_config=''
am__EXEEXT_FALSE=''
am__EXEEXT_TRUE='#'
am__fastdepCC_FALSE='#'
am__fastdepCC_TRUE=''
am__fastdepCXX_FALSE='#'
am__fastdepCXX_TRUE=''
am__include='include'
am__isrc=''
am__leading_dot='.'
am__nodep='_no'
am__quote=''
am__tar='$${TAR-tar} chof - "$$tardir"'
am__untar='$${TAR-tar} xf -'
bindir='${exec_prefix}/bin'
build='x86_64-pc-linux-gnu'
build_alias=''
build_cpu='x86_64'
build_os='linux-gnu'
build_vendor='pc'
datadir='${datarootdir}'
datarootdir='${prefix}/share'
docdir='${datarootdir}/doc/${PACKAGE_TARNAME}'
dvidir='${docdir}'
exec_prefix='${prefix}'
grep='/usr/bin/grep'
host='x86_64-pc-linux-gnu'
host_alias=''
host_cpu='x86_64'
host_os='linux-gnu'
host_vendor='pc'
htmldir='${docdir}'
includedir='${prefix}/include'
infodir='${datarootdir}/info'
install_sh='${SHELL} /home/nsavard/ibsimu_install/ibsimu_mod/install-sh'
libdir='${exec_prefix}/lib'
libexecdir='${exec_prefix}/libexec'
localedir='${datarootdir}/locale'
localstatedir='${prefix}/var'
lt_enable_auto_import=''
mandir='${datarootdir}/man'
mkdir_p='$(MKDIR_P)'
oldincludedir='/usr/include'
pdfdir='${docdir}'
prefix='/opt/ibsimu/1.0.6'
program_transform_name='s,x,x,'
psdir='${docdir}'
rdynamic_flag=''
runstatedir='${localstatedir}/run'
sbindir='${exec_prefix}/sbin'
sharedstatedir='${prefix}/com'
sysconfdir='${prefix}/etc'
target_alias=''

## ----------- ##
## confdefs.h. ##
## ----------- ##

/* confdefs.h */
#define PACKAGE_NAME "libibsimu-1.0.6dev"
#define PACKAGE_TARNAME "libibsimu-1-0-6dev"
#define PACKAGE_VERSION "1.0.6dev"
#define PACKAGE_STRING "libibsimu-1.0.6dev 1.0.6dev"
#define PACKAGE_BUGREPORT "taneli.kalvas@jyu.fi"
#define PACKAGE_URL ""
#define PACKAGE "libibsimu-1-0-6dev"
#define VERSION "1.0.6dev"
#define STDC_HEADERS 1
#define HAVE_SYS_TYPES_H 1
#define HAVE_SYS_STAT_H 1
#define HAVE_STDLIB_H 1
#define HAVE_STRING_H 1
#define HAVE_MEMORY_H 1
#define HAVE_STRINGS_H 1
#define HAVE_INTTYPES_H 1
#define HAVE_STDINT_H 1
#define HAVE_UNISTD_H 1
#define HAVE_DLFCN_H 1
#define LT_OBJDIR ".libs/"
#define HAVE_LIBZ 1
#define GTK3 1
#define USE_MKL 1
#define HAVE_PTHREAD 1
#define HAVE_UNISTD_H 1
#define HAVE_GETCWD 1
#define HAVE_SIGINFO_T 1
#define HAVE_CLOCKID_T 1
#define HAVE_STRUCT_TIMESPEC 1
#define HAVE_LIBRT 1
#define HAVE_SYS_TIME_H 1
#define TIME_WITH_SYS_TIME 1
#define HAVE_GETTIMEOFDAY 1
#define HAVE_CLOCK_GETTIME 1
#define HAVE_DECL_STRERROR_R 1
#define HAVE_STRERROR_R 1
#define STRERROR_R_CHAR_P 1

configure: exit 0
